Archive member included to satisfy reference by file (symbol)

Libraries/STM32F4xx_StdPeriph_Driver/libstm32f4.a(misc.o)
                              /tmp/ccWLO4UX.o (NVIC_PriorityGroupConfig)
Libraries/STM32F4xx_StdPeriph_Driver/libstm32f4.a(stm32f4xx_dma.o)
                              /tmp/cchxEDcM.o (DMA_Init)
Libraries/STM32F4xx_StdPeriph_Driver/libstm32f4.a(stm32f4xx_gpio.o)
                              /tmp/cchxEDcM.o (GPIO_Init)
Libraries/STM32F4xx_StdPeriph_Driver/libstm32f4.a(stm32f4xx_i2c.o)
                              /tmp/ccrclIEl.o (I2C_DeInit)
Libraries/STM32F4xx_StdPeriph_Driver/libstm32f4.a(stm32f4xx_pwr.o)
                              /tmp/ccWLO4UX.o (PWR_BackupAccessCmd)
Libraries/STM32F4xx_StdPeriph_Driver/libstm32f4.a(stm32f4xx_rcc.o)
                              /tmp/ccWLO4UX.o (RCC_LSICmd)
Libraries/STM32F4xx_StdPeriph_Driver/libstm32f4.a(stm32f4xx_rtc.o)
                              /tmp/ccWLO4UX.o (RTC_Init)
Libraries/STM32F4xx_StdPeriph_Driver/libstm32f4.a(stm32f4xx_spi.o)
                              /tmp/cchxEDcM.o (SPI_Init)
Libraries/STM32F4xx_StdPeriph_Driver/libstm32f4.a(stm32f4xx_usart.o)
                              /tmp/ccYWGncK.o (USART_Init)
Libraries/CMSIS/libarm_cortexM4f_math.a(arm_cmplx_mag_f32.o)
                              /tmp/ccln7mED.o (arm_cmplx_mag_f32)
Libraries/CMSIS/libarm_cortexM4f_math.a(arm_max_f32.o)
                              /tmp/ccln7mED.o (arm_max_f32)
Libraries/CMSIS/libarm_cortexM4f_math.a(arm_mean_f32.o)
                              /tmp/ccln7mED.o (arm_mean_f32)
Libraries/CMSIS/libarm_cortexM4f_math.a(arm_fill_f32.o)
                              /tmp/ccln7mED.o (arm_fill_f32)
Libraries/CMSIS/libarm_cortexM4f_math.a(arm_rfft_fast_f32.o)
                              /tmp/ccln7mED.o (arm_rfft_fast_f32)
Libraries/CMSIS/libarm_cortexM4f_math.a(arm_rfft_fast_init_f32.o)
                              /tmp/ccln7mED.o (arm_rfft_fast_init_f32)
Libraries/CMSIS/libarm_cortexM4f_math.a(arm_common_tables.o)
                              Libraries/CMSIS/libarm_cortexM4f_math.a(arm_rfft_fast_init_f32.o) (twiddleCoef_rfft_1024)
Libraries/CMSIS/libarm_cortexM4f_math.a(arm_cfft_f32.o)
                              Libraries/CMSIS/libarm_cortexM4f_math.a(arm_rfft_fast_f32.o) (arm_cfft_f32)
Libraries/CMSIS/libarm_cortexM4f_math.a(arm_cfft_radix8_f32.o)
                              Libraries/CMSIS/libarm_cortexM4f_math.a(arm_cfft_f32.o) (arm_radix8_butterfly_f32)
Libraries/CMSIS/libarm_cortexM4f_math.a(arm_bitreversal2.o)
                              Libraries/CMSIS/libarm_cortexM4f_math.a(arm_cfft_f32.o) (arm_bitreversal_32)
/usr/lib/gcc/arm-none-eabi/4.8/../../../arm-none-eabi/lib/armv7e-m/fpu/libg.a(lib_a-atexit.o)
                              /usr/lib/gcc/arm-none-eabi/4.8/../../../arm-none-eabi/lib/armv7e-m/fpu/crt0.o (atexit)
/usr/lib/gcc/arm-none-eabi/4.8/../../../arm-none-eabi/lib/armv7e-m/fpu/libg.a(lib_a-exit.o)
                              /usr/lib/gcc/arm-none-eabi/4.8/../../../arm-none-eabi/lib/armv7e-m/fpu/crt0.o (exit)
/usr/lib/gcc/arm-none-eabi/4.8/../../../arm-none-eabi/lib/armv7e-m/fpu/libg.a(lib_a-fini.o)
                              /usr/lib/gcc/arm-none-eabi/4.8/../../../arm-none-eabi/lib/armv7e-m/fpu/crt0.o (__libc_fini_array)
/usr/lib/gcc/arm-none-eabi/4.8/../../../arm-none-eabi/lib/armv7e-m/fpu/libg.a(lib_a-impure.o)
                              /usr/lib/gcc/arm-none-eabi/4.8/../../../arm-none-eabi/lib/armv7e-m/fpu/libg.a(lib_a-exit.o) (_global_impure_ptr)
/usr/lib/gcc/arm-none-eabi/4.8/../../../arm-none-eabi/lib/armv7e-m/fpu/libg.a(lib_a-init.o)
                              /usr/lib/gcc/arm-none-eabi/4.8/../../../arm-none-eabi/lib/armv7e-m/fpu/crt0.o (__libc_init_array)
/usr/lib/gcc/arm-none-eabi/4.8/../../../arm-none-eabi/lib/armv7e-m/fpu/libg.a(lib_a-memcmp.o)
                              /tmp/cc9hPYJP.o (memcmp)
/usr/lib/gcc/arm-none-eabi/4.8/../../../arm-none-eabi/lib/armv7e-m/fpu/libg.a(lib_a-memcpy.o)
                              /tmp/ccTi4wYd.o (memcpy)
/usr/lib/gcc/arm-none-eabi/4.8/../../../arm-none-eabi/lib/armv7e-m/fpu/libg.a(lib_a-memset.o)
                              /usr/lib/gcc/arm-none-eabi/4.8/../../../arm-none-eabi/lib/armv7e-m/fpu/crt0.o (memset)
/usr/lib/gcc/arm-none-eabi/4.8/../../../arm-none-eabi/lib/armv7e-m/fpu/libg.a(lib_a-strcmp.o)
                              /tmp/cc9hPYJP.o (strcmp)
/usr/lib/gcc/arm-none-eabi/4.8/../../../arm-none-eabi/lib/armv7e-m/fpu/libg.a(lib_a-strcpy.o)
                              /tmp/cc9hPYJP.o (strcpy)
/usr/lib/gcc/arm-none-eabi/4.8/../../../arm-none-eabi/lib/armv7e-m/fpu/libg.a(lib_a-strlen.o)
                              /tmp/ccnel98H.o (strlen)
/usr/lib/gcc/arm-none-eabi/4.8/../../../arm-none-eabi/lib/armv7e-m/fpu/libg.a(lib_a-__atexit.o)
                              /usr/lib/gcc/arm-none-eabi/4.8/../../../arm-none-eabi/lib/armv7e-m/fpu/libg.a(lib_a-atexit.o) (__register_exitproc)
[...]
Memory Configuration

Name             Origin             Length             Attributes
FLASH            0x0000000008000000 0x0000000000040000 xr
RAM              0x0000000020000000 0x0000000000010000 xrw
*default*        0x0000000000000000 0xffffffffffffffff

Linker script and memory map

LOAD /usr/lib/gcc/arm-none-eabi/4.8/armv7e-m/fpu/crti.o
LOAD /usr/lib/gcc/arm-none-eabi/4.8/armv7e-m/fpu/crtbegin.o
LOAD /usr/lib/gcc/arm-none-eabi/4.8/../../../arm-none-eabi/lib/armv7e-m/fpu/crt0.o
LOAD /tmp/ccGEazHG.o
LOAD /tmp/ccnel98H.o
LOAD /tmp/cc4nIaQJ.o
LOAD /tmp/cchxEDcM.o
LOAD /tmp/cc9hPYJP.o
LOAD /tmp/ccfMtCFT.o
LOAD /tmp/ccWLO4UX.o
LOAD /tmp/cclJJup2.o
LOAD /tmp/cccA4kq6.o
LOAD /tmp/ccTbJj0a.o
LOAD /tmp/ccQd9kcg.o
LOAD /tmp/ccrclIEl.o
LOAD /tmp/ccmF0ror.o
LOAD /tmp/ccVSOFkx.o
LOAD /tmp/ccln7mED.o
LOAD /tmp/ccYWGncK.o
LOAD /tmp/cc6I0lLQ.o
LOAD /tmp/ccTZexaY.o
LOAD /tmp/ccM1FLL5.o
LOAD /tmp/ccTi4wYd.o
LOAD /tmp/ccfLarkm.o
LOAD /tmp/cc7O5vTu.o
LOAD /tmp/cch9CGGD.o
LOAD /tmp/ccMo3xdN.o
LOAD /tmp/ccKf4FfX.o
LOAD /tmp/cciQM8u7.o
LOAD /tmp/cc5y4B6h.o
LOAD /tmp/cc75u8pt.o
LOAD /tmp/ccgU2JRE.o
LOAD /tmp/cc2d0iEQ.o
LOAD /tmp/cc87zhE2.o
LOAD /tmp/ccJAt5Le.o
LOAD Libraries/STM32F4xx_StdPeriph_Driver/libstm32f4.a
LOAD Libraries/CMSIS/libarm_cortexM4f_math.a
LOAD /usr/lib/gcc/arm-none-eabi/4.8/../../../arm-none-eabi/lib/armv7e-m/fpu/libg.a
LOAD /usr/lib/gcc/arm-none-eabi/4.8/../../../arm-none-eabi/lib/armv7e-m/fpu/libc.a
LOAD /usr/lib/gcc/arm-none-eabi/4.8/../../../arm-none-eabi/lib/armv7e-m/fpu/libm.a
START GROUP
LOAD /usr/lib/gcc/arm-none-eabi/4.8/armv7e-m/fpu/libgcc.a
LOAD /usr/lib/gcc/arm-none-eabi/4.8/../../../arm-none-eabi/lib/armv7e-m/fpu/libg.a
LOAD /usr/lib/gcc/arm-none-eabi/4.8/../../../arm-none-eabi/lib/armv7e-m/fpu/libc.a
END GROUP
LOAD /usr/lib/gcc/arm-none-eabi/4.8/armv7e-m/fpu/crtend.o
LOAD /usr/lib/gcc/arm-none-eabi/4.8/armv7e-m/fpu/crtn.o
                0x0000000020010000                _estack = 0x20010000

.isr_vector     0x0000000008000000      0x194
                0x0000000008000000                __isr_vector_start__ = .
                0x0000000008000000                . = ALIGN (0x4)
 *(.isr_vector)
 .isr_vector    0x0000000008000000      0x194 /tmp/cc6I0lLQ.o
                0x0000000008000000                g_pfnVectors
                0x0000000008000194                . = ALIGN (0x4)
                0x0000000000000001                ASSERT ((. != __isr_vector_start__), The ISR section is empty)

.text           0x00000000080001a0     0xc330
                0x00000000080001a0                . = ALIGN (0x4)
 *(.text)
 .text          0x00000000080001a0       0xc2 Libraries/CMSIS/libarm_cortexM4f_math.a(arm_bitreversal2.o)
                0x00000000080001a0                arm_bitreversal_32
                0x000000000800020c                arm_bitreversal_16
 *fill*         0x0000000008000262        0x2 
 .text          0x0000000008000264      0x134 /usr/lib/gcc/arm-none-eabi/4.8/../../../arm-none-eabi/lib/armv7e-m/fpu/libg.a(lib_a-memcpy.o)
                0x0000000008000264                memcpy
 *fill*         0x0000000008000398        0x8 
 .text          0x00000000080003a0      0x2e0 /usr/lib/gcc/arm-none-eabi/4.8/../../../arm-none-eabi/lib/armv7e-m/fpu/libg.a(lib_a-strcmp.o)
                0x00000000080003a8                strcmp
 .text          0x0000000008000680      0x370 /usr/lib/gcc/arm-none-eabi/4.8/armv7e-m/fpu/libgcc.a(_arm_addsubdf3.o)
                0x0000000008000680                __aeabi_drsub
                0x0000000008000688                __aeabi_dsub
                0x0000000008000688                __subdf3
                0x000000000800068c                __adddf3
                0x000000000800068c                __aeabi_dadd
                0x0000000008000904                __aeabi_ui2d
                0x0000000008000904                __floatunsidf
                0x0000000008000924                __floatsidf
                0x0000000008000924                __aeabi_i2d
                0x0000000008000948                __extendsfdf2
                0x0000000008000948                __aeabi_f2d
                0x0000000008000984                __aeabi_ul2d
                0x0000000008000984                __floatundidf
                0x0000000008000994                __floatdidf
                0x0000000008000994                __aeabi_l2d
 .text          0x00000000080009f0      0x424 /usr/lib/gcc/arm-none-eabi/4.8/armv7e-m/fpu/libgcc.a(_arm_muldivdf3.o)
                0x00000000080009f0                __aeabi_dmul
                0x00000000080009f0                __muldf3
                0x0000000008000c44                __aeabi_ddiv
                0x0000000008000c44                __divdf3
 .text          0x0000000008000e14       0xa0 /usr/lib/gcc/arm-none-eabi/4.8/armv7e-m/fpu/libgcc.a(_arm_truncdfsf2.o)
                0x0000000008000e14                __aeabi_d2f
                0x0000000008000e14                __truncdfsf2
 *(.text.*)
 .text.render_rect
                0x0000000008000eb4       0xf8 /tmp/ccnel98H.o
 .text.render_line_direct
                0x0000000008000fac       0xa8 /tmp/ccnel98H.o
 .text.render_scircle
                0x0000000008001054      0x124 /tmp/ccnel98H.o
 .text.render_text
                0x0000000008001178      0x2b4 /tmp/ccnel98H.o
 .text.render_gui_elements
                0x000000000800142c      0xc00 /tmp/ccnel98H.o
                0x000000000800142c                render_gui_elements
 .text.spi1_change_prescaler
                0x000000000800202c       0x14 /tmp/cchxEDcM.o
                0x000000000800202c                spi1_change_prescaler
 .text.spi1_recv_data_dma
                0x0000000008002040      0x100 /tmp/cchxEDcM.o
                0x0000000008002040                spi1_recv_data_dma
 .text.spi1_send_byte_dma
                0x0000000008002140       0xf8 /tmp/cchxEDcM.o
                0x0000000008002140                spi1_send_byte_dma
 .text.spi1_send_data_dma
                0x0000000008002238       0xf8 /tmp/cchxEDcM.o
                0x0000000008002238                spi1_send_data_dma
 .text.spi1_send_byte
                0x0000000008002330       0x44 /tmp/cchxEDcM.o
                0x0000000008002330                spi1_send_byte
 .text.spi1_send_data
                0x0000000008002374       0x94 /tmp/cchxEDcM.o
                0x0000000008002374                spi1_send_data
 .text.acquire_spi1
                0x0000000008002408       0x14 /tmp/cchxEDcM.o
                0x0000000008002408                acquire_spi1
 .text.release_spi1
                0x000000000800241c       0x14 /tmp/cchxEDcM.o
                0x000000000800241c                release_spi1
 .text.DMA2_Stream2_IRQHandler
                0x0000000008002430       0x48 /tmp/cchxEDcM.o
                0x0000000008002430                DMA2_Stream2_IRQHandler
 .text.DMA2_Stream3_IRQHandler
                0x0000000008002478       0x24 /tmp/cchxEDcM.o
                0x0000000008002478                DMA2_Stream3_IRQHandler
 .text.spi1_init
                0x000000000800249c      0x13c /tmp/cchxEDcM.o
                0x000000000800249c                spi1_init
 .text.spi2_init
                0x00000000080025d8       0xc4 /tmp/cchxEDcM.o
                0x00000000080025d8                spi2_init
 .text.spi2_send_byte
                0x000000000800269c       0x44 /tmp/cchxEDcM.o
                0x000000000800269c                spi2_send_byte
 .text.notification_message_text_callback
                0x00000000080026e0       0x14 /tmp/cc9hPYJP.o
 .text.dial_callback
                0x00000000080026f4       0x28 /tmp/cc9hPYJP.o
 .text.pbar_callback
                0x000000000800271c       0x34 /tmp/cc9hPYJP.o
 .text.bar_callback
                0x0000000008002750       0x34 /tmp/cc9hPYJP.o
 .text.setting4_underline_callback
                0x0000000008002784       0x68 /tmp/cc9hPYJP.o
 .text.setting3_underline_callback
                0x00000000080027ec       0x68 /tmp/cc9hPYJP.o
 .text.setting2_underline_callback
                0x0000000008002854       0x68 /tmp/cc9hPYJP.o
 .text.setting1_underline_callback
                0x00000000080028bc       0x68 /tmp/cc9hPYJP.o
 .text.entry_underline_callback
                0x0000000008002924       0x44 /tmp/cc9hPYJP.o
 .text.entry_header_text_callback
                0x0000000008002968       0x28 /tmp/cc9hPYJP.o
 .text.entry_text_callback
                0x0000000008002990       0x20 /tmp/cc9hPYJP.o
 .text.setting4_text_callback
                0x00000000080029b0       0xa4 /tmp/cc9hPYJP.o
 .text.setting3_text_callback
                0x0000000008002a54       0xa0 /tmp/cc9hPYJP.o
 .text.setting2_text_callback
                0x0000000008002af4       0xdc /tmp/cc9hPYJP.o
 .text.date_text_callback
                0x0000000008002bd0       0xa0 /tmp/cc9hPYJP.o
 .text.setting1_text_callback
                0x0000000008002c70       0xc4 /tmp/cc9hPYJP.o
 .text.time_text_callback
                0x0000000008002d34       0x88 /tmp/cc9hPYJP.o
 .text.dist_text_callback
                0x0000000008002dbc       0x4c /tmp/cc9hPYJP.o
 .text.power_text_callback
                0x0000000008002e08       0x4c /tmp/cc9hPYJP.o
 .text.accel_text_callback
                0x0000000008002e54       0x5c /tmp/cc9hPYJP.o
 .text.speed_text_callback
                0x0000000008002eb0       0x5c /tmp/cc9hPYJP.o
 .text.button3_text_callback
                0x0000000008002f0c       0xa0 /tmp/cc9hPYJP.o
 .text.update_gui_elements
                0x0000000008002fac       0x58 /tmp/cc9hPYJP.o
 .text.notification_rect_callback
                0x0000000008003004       0x28 /tmp/cc9hPYJP.o
 .text.settingsButton1_rect_callback
                0x000000000800302c       0x30 /tmp/cc9hPYJP.o
 .text.settingsButton2_rect_callback
                0x000000000800305c       0x28 /tmp/cc9hPYJP.o
 .text.settingsButton3_rect_callback
                0x0000000008003084       0x28 /tmp/cc9hPYJP.o
 .text.settingsButton4_rect_callback
                0x00000000080030ac       0x28 /tmp/cc9hPYJP.o
 .text.settingsButton5_rect_callback
                0x00000000080030d4       0x28 /tmp/cc9hPYJP.o
 .text.button1_rect_callback
                0x00000000080030fc       0x44 /tmp/cc9hPYJP.o
 .text.button2_rect_callback
                0x0000000008003140       0x28 /tmp/cc9hPYJP.o
 .text.button3_rect_callback
                0x0000000008003168       0x28 /tmp/cc9hPYJP.o
 .text.button2_text_callback
                0x0000000008003190       0x5c /tmp/cc9hPYJP.o
 .text.button1_text_callback
                0x00000000080031ec       0x78 /tmp/cc9hPYJP.o
 .text.radio_symbol_callback
                0x0000000008003264       0x34 /tmp/cc9hPYJP.o
 .text.sd_symbol_callback
                0x0000000008003298       0x34 /tmp/cc9hPYJP.o
 .text.gui_set_notification_type
                0x00000000080032cc        0xc /tmp/cc9hPYJP.o
                0x00000000080032cc                gui_set_notification_type
 .text.gui_set_selected_pos
                0x00000000080032d8        0xc /tmp/cc9hPYJP.o
                0x00000000080032d8                gui_set_selected_pos
 .text.gui_set_header_number
                0x00000000080032e4        0xc /tmp/cc9hPYJP.o
                0x00000000080032e4                gui_set_header_number
 .text.gui_set_keypad_selection
                0x00000000080032f0        0xc /tmp/cc9hPYJP.o
                0x00000000080032f0                gui_set_keypad_selection
 .text.gui_set_selected_button
                0x00000000080032fc        0xc /tmp/cc9hPYJP.o
                0x00000000080032fc                gui_set_selected_button
 .text.gui_switch_modes
                0x0000000008003308       0x14 /tmp/cc9hPYJP.o
                0x0000000008003308                gui_switch_modes
 .text.update_gui
                0x000000000800331c      0x1b0 /tmp/cc9hPYJP.o
                0x000000000800331c                update_gui
 .text.gui_task
                0x00000000080034cc       0x44 /tmp/cc9hPYJP.o
                0x00000000080034cc                gui_task
 .text.send_parameters
                0x0000000008003510       0x34 /tmp/ccfMtCFT.o
 .text.send_command
                0x0000000008003544       0x2c /tmp/ccfMtCFT.o
 .text.write_commands
                0x0000000008003570       0x60 /tmp/ccfMtCFT.o
 .text.clear_screen
                0x00000000080035d0       0x80 /tmp/ccfMtCFT.o
                0x00000000080035d0                clear_screen
 .text.draw_buffer
                0x0000000008003650       0x88 /tmp/ccfMtCFT.o
                0x0000000008003650                draw_buffer
 .text.st7735_init
                0x00000000080036d8       0x24 /tmp/ccfMtCFT.o
                0x00000000080036d8                st7735_init
 .text.st7735_configure_gpio
                0x00000000080036fc       0x58 /tmp/ccfMtCFT.o
                0x00000000080036fc                st7735_configure_gpio
 .text.init     0x0000000008003754       0x64 /tmp/ccWLO4UX.o
                0x0000000008003754                init
 .text.RTC_setup
                0x00000000080037b8       0x94 /tmp/ccWLO4UX.o
                0x00000000080037b8                RTC_setup
 .text.startup.main
                0x000000000800384c       0xb4 /tmp/ccWLO4UX.o
                0x000000000800384c                main
 .text.HardFault_Handler
                0x0000000008003900       0x1c /tmp/cclJJup2.o
                0x0000000008003900                HardFault_Handler
 .text.MemManage_Handler
                0x000000000800391c        0x4 /tmp/cclJJup2.o
                0x000000000800391c                MemManage_Handler
 .text.BusFault_Handler
                0x0000000008003920        0x4 /tmp/cclJJup2.o
                0x0000000008003920                BusFault_Handler
 .text.UsageFault_Handler
                0x0000000008003924        0x4 /tmp/cclJJup2.o
                0x0000000008003924                UsageFault_Handler
 .text.write_dec_num
                0x0000000008003928       0xd0 /tmp/cccA4kq6.o
                0x0000000008003928                write_dec_num
 .text.end_journey
                0x00000000080039f8       0x30 /tmp/ccTbJj0a.o
 .text.end_journey_request
                0x0000000008003a28       0x68 /tmp/ccTbJj0a.o
                0x0000000008003a28                end_journey_request
 .text.entry_process_scroll
                0x0000000008003a90       0xa4 /tmp/ccTbJj0a.o
                0x0000000008003a90                entry_process_scroll
 .text.get_current_entry
                0x0000000008003b34        0x8 /tmp/ccTbJj0a.o
                0x0000000008003b34                get_current_entry
 .text.set_weight
                0x0000000008003b3c       0x3c /tmp/ccTbJj0a.o
                0x0000000008003b3c                set_weight
 .text.set_diam
                0x0000000008003b78       0x3c /tmp/ccTbJj0a.o
                0x0000000008003b78                set_diam
 .text.set_date
                0x0000000008003bb4       0x70 /tmp/ccTbJj0a.o
                0x0000000008003bb4                set_date
 .text.set_time
                0x0000000008003c24       0x70 /tmp/ccTbJj0a.o
                0x0000000008003c24                set_time
 .text.entry_mode_weight
                0x0000000008003c94       0x58 /tmp/ccTbJj0a.o
                0x0000000008003c94                entry_mode_weight
 .text.entry_mode_diam
                0x0000000008003cec       0x54 /tmp/ccTbJj0a.o
                0x0000000008003cec                entry_mode_diam
 .text.entry_mode_date
                0x0000000008003d40       0x8c /tmp/ccTbJj0a.o
                0x0000000008003d40                entry_mode_date
 .text.entry_mode_time
                0x0000000008003dcc       0x40 /tmp/ccTbJj0a.o
                0x0000000008003dcc                entry_mode_time
 .text.entry_process_select
                0x0000000008003e0c      0x1b4 /tmp/ccTbJj0a.o
                0x0000000008003e0c                entry_process_select
 .text.process_button_press
                0x0000000008003fc0      0x1cc /tmp/ccTbJj0a.o
                0x0000000008003fc0                process_button_press
 .text.check_button_press
                0x000000000800418c       0xb8 /tmp/ccTbJj0a.o
                0x000000000800418c                check_button_press
 .text.controller_task
                0x0000000008004244       0x44 /tmp/ccTbJj0a.o
                0x0000000008004244                controller_task
 .text.init_button_gpio
                0x0000000008004288       0x64 /tmp/ccTbJj0a.o
                0x0000000008004288                init_button_gpio
 .text.driver_init
                0x00000000080042ec       0x34 /tmp/ccQd9kcg.o
                0x00000000080042ec                driver_init
 .text.sd_get_phy
                0x0000000008004320       0x14 /tmp/ccQd9kcg.o
                0x0000000008004320                sd_get_phy
 .text.sd_send_command
                0x0000000008004334       0xc8 /tmp/ccQd9kcg.o
 .text.sd_wait_for_busy
                0x00000000080043fc       0x4c /tmp/ccQd9kcg.o
 .text.sd_read_sector
                0x0000000008004448       0xd4 /tmp/ccQd9kcg.o
                0x0000000008004448                sd_read_sector
 .text.sd_write_sector
                0x000000000800451c       0xec /tmp/ccQd9kcg.o
                0x000000000800451c                sd_write_sector
 .text.sd_status
                0x0000000008004608       0x30 /tmp/ccQd9kcg.o
                0x0000000008004608                sd_status
 .text.sd_get_status
                0x0000000008004638        0xc /tmp/ccQd9kcg.o
                0x0000000008004638                sd_get_status
 .text.sd_task  0x0000000008004644      0x49c /tmp/ccQd9kcg.o
                0x0000000008004644                sd_task
 .text.sd_stop_recording
                0x0000000008004ae0       0x18 /tmp/ccQd9kcg.o
                0x0000000008004ae0                sd_stop_recording
 .text.sd_gpio_configure
                0x0000000008004af8       0x44 /tmp/ccQd9kcg.o
                0x0000000008004af8                sd_gpio_configure
 .text.switch_bank
                0x0000000008004b3c       0x54 /tmp/ccmF0ror.o
 .text.rfm73_init
                0x0000000008004b90      0x128 /tmp/ccmF0ror.o
                0x0000000008004b90                rfm73_init
 .text.rfm73_check_fifo
                0x0000000008004cb8       0x2c /tmp/ccmF0ror.o
                0x0000000008004cb8                rfm73_check_fifo
 .text.rfm73_receive_packet
                0x0000000008004ce4       0x88 /tmp/ccmF0ror.o
                0x0000000008004ce4                rfm73_receive_packet
 .text.SystemInit
                0x0000000008004d6c       0xb8 /tmp/ccVSOFkx.o
                0x0000000008004d6c                SystemInit
 .text.send_current_data
                0x0000000008004e24       0x44 /tmp/ccln7mED.o
 .text.data_processor_end_recording
                0x0000000008004e68        0xc /tmp/ccln7mED.o
                0x0000000008004e68                data_processor_end_recording
 .text.process_new_input
                0x0000000008004e74      0x24c /tmp/ccln7mED.o
                0x0000000008004e74                process_new_input
 .text.processing_task
                0x00000000080050c0      0x150 /tmp/ccln7mED.o
                0x00000000080050c0                processing_task
 .text.set_current_weight
                0x0000000008005210        0xc /tmp/ccln7mED.o
                0x0000000008005210                set_current_weight
 .text.get_current_weight
                0x000000000800521c        0xc /tmp/ccln7mED.o
                0x000000000800521c                get_current_weight
 .text.set_current_wheel_size
                0x0000000008005228        0xc /tmp/ccln7mED.o
                0x0000000008005228                set_current_wheel_size
 .text.get_current_wheel_size
                0x0000000008005234        0xc /tmp/ccln7mED.o
                0x0000000008005234                get_current_wheel_size
 .text.get_current_speed
                0x0000000008005240        0xc /tmp/ccln7mED.o
                0x0000000008005240                get_current_speed
 .text.get_current_distance
                0x000000000800524c        0xc /tmp/ccln7mED.o
                0x000000000800524c                get_current_distance
 .text.get_current_accel
                0x0000000008005258        0xc /tmp/ccln7mED.o
                0x0000000008005258                get_current_accel
 .text.get_current_power
                0x0000000008005264        0xc /tmp/ccln7mED.o
                0x0000000008005264                get_current_power
 .text.get_radio_status
                0x0000000008005270        0xc /tmp/ccln7mED.o
                0x0000000008005270                get_radio_status
 .text.Reset_Handler
                0x000000000800527c       0x44 /tmp/cc6I0lLQ.o
                0x000000000800527c                Reset_Handler
 .text.Default_Handler
                0x00000000080052c0        0x2 /tmp/cc6I0lLQ.o
                0x00000000080052c0                RTC_Alarm_IRQHandler
                0x00000000080052c0                EXTI2_IRQHandler
                0x00000000080052c0                DebugMon_Handler
                0x00000000080052c0                SPI4_IRQHandler
                0x00000000080052c0                TIM1_CC_IRQHandler
                0x00000000080052c0                DMA2_Stream5_IRQHandler
                0x00000000080052c0                DMA1_Stream5_IRQHandler
                0x00000000080052c0                PVD_IRQHandler
                0x00000000080052c0                SDIO_IRQHandler
                0x00000000080052c0                TAMP_STAMP_IRQHandler
                0x00000000080052c0                NMI_Handler
                0x00000000080052c0                EXTI3_IRQHandler
                0x00000000080052c0                TIM1_UP_TIM10_IRQHandler
                0x00000000080052c0                I2C3_ER_IRQHandler
                0x00000000080052c0                EXTI0_IRQHandler
                0x00000000080052c0                I2C2_EV_IRQHandler
                0x00000000080052c0                DMA1_Stream2_IRQHandler
                0x00000000080052c0                FPU_IRQHandler
                0x00000000080052c0                SPI1_IRQHandler
                0x00000000080052c0                TIM1_BRK_TIM9_IRQHandler
                0x00000000080052c0                USART6_IRQHandler
                0x00000000080052c0                DMA2_Stream0_IRQHandler
                0x00000000080052c0                TIM4_IRQHandler
                0x00000000080052c0                I2C1_EV_IRQHandler
                0x00000000080052c0                DMA1_Stream6_IRQHandler
                0x00000000080052c0                DMA1_Stream1_IRQHandler
                0x00000000080052c0                TIM3_IRQHandler
                0x00000000080052c0                RCC_IRQHandler
                0x00000000080052c0                Default_Handler
                0x00000000080052c0                EXTI15_10_IRQHandler
                0x00000000080052c0                ADC_IRQHandler
                0x00000000080052c0                DMA1_Stream7_IRQHandler
                0x00000000080052c0                TIM5_IRQHandler
                0x00000000080052c0                DMA2_Stream7_IRQHandler
                0x00000000080052c0                I2C3_EV_IRQHandler
                0x00000000080052c0                EXTI9_5_IRQHandler
                0x00000000080052c0                RTC_WKUP_IRQHandler
                0x00000000080052c0                SPI2_IRQHandler
                0x00000000080052c0                DMA1_Stream0_IRQHandler
                0x00000000080052c0                EXTI4_IRQHandler
                0x00000000080052c0                WWDG_IRQHandler
                0x00000000080052c0                TIM2_IRQHandler
                0x00000000080052c0                OTG_FS_WKUP_IRQHandler
                0x00000000080052c0                TIM1_TRG_COM_TIM11_IRQHandler
                0x00000000080052c0                EXTI1_IRQHandler
                0x00000000080052c0                USART2_IRQHandler
                0x00000000080052c0                I2C2_ER_IRQHandler
                0x00000000080052c0                DMA2_Stream1_IRQHandler
                0x00000000080052c0                FLASH_IRQHandler
                0x00000000080052c0                DMA2_Stream4_IRQHandler
                0x00000000080052c0                USART1_IRQHandler
                0x00000000080052c0                OTG_FS_IRQHandler
                0x00000000080052c0                SPI3_IRQHandler
                0x00000000080052c0                DMA1_Stream4_IRQHandler
                0x00000000080052c0                I2C1_ER_IRQHandler
                0x00000000080052c0                DMA2_Stream6_IRQHandler
                0x00000000080052c0                DMA1_Stream3_IRQHandler
 *fill*         0x00000000080052c2        0x2 
 .text.prvIdleTask
                0x00000000080052c4       0x24 /tmp/ccTZexaY.o
 .text.prvAddCurrentTaskToDelayedList
                0x00000000080052e8       0x50 /tmp/ccTZexaY.o
 .text.xTaskGenericCreate
                0x0000000008005338      0x1e8 /tmp/ccTZexaY.o
                0x0000000008005338                xTaskGenericCreate
 .text.vTaskStartScheduler
                0x0000000008005520       0x68 /tmp/ccTZexaY.o
                0x0000000008005520                vTaskStartScheduler
 .text.vTaskSuspendAll
                0x0000000008005588       0x10 /tmp/ccTZexaY.o
                0x0000000008005588                vTaskSuspendAll
 .text.xTaskGetTickCount
                0x0000000008005598        0xc /tmp/ccTZexaY.o
                0x0000000008005598                xTaskGetTickCount
 .text.xTaskIncrementTick
                0x00000000080055a4      0x158 /tmp/ccTZexaY.o
                0x00000000080055a4                xTaskIncrementTick
 .text.xTaskResumeAll
                0x00000000080056fc      0x100 /tmp/ccTZexaY.o
                0x00000000080056fc                xTaskResumeAll
 .text.vTaskDelayUntil
                0x00000000080057fc       0xc0 /tmp/ccTZexaY.o
                0x00000000080057fc                vTaskDelayUntil
 .text.vTaskDelay
                0x00000000080058bc       0x80 /tmp/ccTZexaY.o
                0x00000000080058bc                vTaskDelay
 .text.vTaskSwitchContext
                0x000000000800593c       0x70 /tmp/ccTZexaY.o
                0x000000000800593c                vTaskSwitchContext
 .text.vTaskPlaceOnEventList
                0x00000000080059ac       0x5c /tmp/ccTZexaY.o
                0x00000000080059ac                vTaskPlaceOnEventList
 .text.xTaskRemoveFromEventList
                0x0000000008005a08       0x8c /tmp/ccTZexaY.o
                0x0000000008005a08                xTaskRemoveFromEventList
 .text.vTaskSetTimeOutState
                0x0000000008005a94       0x2c /tmp/ccTZexaY.o
                0x0000000008005a94                vTaskSetTimeOutState
 .text.xTaskCheckForTimeOut
                0x0000000008005ac0       0x78 /tmp/ccTZexaY.o
                0x0000000008005ac0                xTaskCheckForTimeOut
 .text.vTaskMissedYield
                0x0000000008005b38        0xc /tmp/ccTZexaY.o
                0x0000000008005b38                vTaskMissedYield
 .text.vTaskPriorityInherit
                0x0000000008005b44       0x94 /tmp/ccTZexaY.o
                0x0000000008005b44                vTaskPriorityInherit
 .text.xTaskPriorityDisinherit
                0x0000000008005bd8       0x94 /tmp/ccTZexaY.o
                0x0000000008005bd8                xTaskPriorityDisinherit
 .text.pvTaskIncrementMutexHeldCount
                0x0000000008005c6c       0x18 /tmp/ccTZexaY.o
                0x0000000008005c6c                pvTaskIncrementMutexHeldCount
 .text.vListInitialise
                0x0000000008005c84       0x18 /tmp/ccM1FLL5.o
                0x0000000008005c84                vListInitialise
 .text.vListInitialiseItem
                0x0000000008005c9c        0x8 /tmp/ccM1FLL5.o
                0x0000000008005c9c                vListInitialiseItem
 .text.vListInsertEnd
                0x0000000008005ca4       0x1c /tmp/ccM1FLL5.o
                0x0000000008005ca4                vListInsertEnd
 .text.vListInsert
                0x0000000008005cc0       0x34 /tmp/ccM1FLL5.o
                0x0000000008005cc0                vListInsert
 .text.uxListRemove
                0x0000000008005cf4       0x28 /tmp/ccM1FLL5.o
                0x0000000008005cf4                uxListRemove
 .text.unlikely.prvCopyDataToQueue
                0x0000000008005d1c       0x6c /tmp/ccTi4wYd.o
 .text.unlikely.prvCopyDataFromQueue
                0x0000000008005d88       0x2c /tmp/ccTi4wYd.o
 .text.prvUnlockQueue
                0x0000000008005db4       0x84 /tmp/ccTi4wYd.o
 .text.xQueueGenericReset
                0x0000000008005e38       0x90 /tmp/ccTi4wYd.o
                0x0000000008005e38                xQueueGenericReset
 .text.xQueueGenericCreate
                0x0000000008005ec8       0x60 /tmp/ccTi4wYd.o
                0x0000000008005ec8                xQueueGenericCreate
 .text.xQueueGenericSend
                0x0000000008005f28      0x15c /tmp/ccTi4wYd.o
                0x0000000008005f28                xQueueGenericSend
 .text.xQueueGiveFromISR
                0x0000000008006084       0x8c /tmp/ccTi4wYd.o
                0x0000000008006084                xQueueGiveFromISR
 .text.xQueueGenericReceive
                0x0000000008006110      0x178 /tmp/ccTi4wYd.o
                0x0000000008006110                xQueueGenericReceive
 .text.pvPortMalloc
                0x0000000008006288       0x58 /tmp/cc7O5vTu.o
                0x0000000008006288                pvPortMalloc
 .text.vPortFree
                0x00000000080062e0       0x18 /tmp/cc7O5vTu.o
                0x00000000080062e0                vPortFree
 .text.prvTaskExitError
                0x00000000080062f8       0x30 /tmp/cch9CGGD.o
 .text.prvPortStartFirstTask
                0x0000000008006328       0x20 /tmp/cch9CGGD.o
 .text.vPortEnableVFP
                0x0000000008006348       0x14 /tmp/cch9CGGD.o
 .text.pxPortInitialiseStack
                0x000000000800635c       0x2c /tmp/cch9CGGD.o
                0x000000000800635c                pxPortInitialiseStack
 .text.SVC_Handler
                0x0000000008006388       0x20 /tmp/cch9CGGD.o
                0x0000000008006388                SVC_Handler
 .text.vPortEnterCritical
                0x00000000080063a8       0x44 /tmp/cch9CGGD.o
                0x00000000080063a8                vPortEnterCritical
 .text.vPortExitCritical
                0x00000000080063ec       0x28 /tmp/cch9CGGD.o
                0x00000000080063ec                vPortExitCritical
 .text.PendSV_Handler
                0x0000000008006414       0x60 /tmp/cch9CGGD.o
                0x0000000008006414                PendSV_Handler
 .text.SysTick_Handler
                0x0000000008006474       0x30 /tmp/cch9CGGD.o
                0x0000000008006474                SysTick_Handler
 .text.vPortSetupTimerInterrupt
                0x00000000080064a4       0x30 /tmp/cch9CGGD.o
                0x00000000080064a4                vPortSetupTimerInterrupt
 .text.xPortStartScheduler
                0x00000000080064d4       0xac /tmp/cch9CGGD.o
                0x00000000080064d4                xPortStartScheduler
 .text.vPortValidateInterruptPriority
                0x0000000008006580       0x5c /tmp/cch9CGGD.o
                0x0000000008006580                vPortValidateInterruptPriority
 .text._f_initentry
                0x00000000080065dc       0x48 /tmp/ccMo3xdN.o
 .text._f_findfilewc
                0x0000000008006624      0x150 /tmp/ccMo3xdN.o
                0x0000000008006624                _f_findfilewc
 .text._f_getdecluster
                0x0000000008006774       0x30 /tmp/ccMo3xdN.o
                0x0000000008006774                _f_getdecluster
 .text._f_setdecluster
                0x00000000080067a4       0x34 /tmp/ccMo3xdN.o
                0x00000000080067a4                _f_setdecluster
 .text._f_findpath
                0x00000000080067d8      0x130 /tmp/ccMo3xdN.o
                0x00000000080067d8                _f_findpath
 .text.fn_getcwd
                0x0000000008006908       0x5c /tmp/ccMo3xdN.o
                0x0000000008006908                fn_getcwd
 .text._f_addentry
                0x0000000008006964      0x1cc /tmp/ccMo3xdN.o
                0x0000000008006964                _f_addentry
 .text._f_getvolume
                0x0000000008006b30      0x1f8 /tmp/ccKf4FfX.o
                0x0000000008006b30                _f_getvolume
 .text.fn_initvolume
                0x0000000008006d28       0x2c /tmp/ccKf4FfX.o
                0x0000000008006d28                fn_initvolume
 .text.fn_delvolume
                0x0000000008006d54       0x14 /tmp/ccKf4FfX.o
                0x0000000008006d54                fn_delvolume
 .text._f_checkstatus
                0x0000000008006d68       0x28 /tmp/cciQM8u7.o
                0x0000000008006d68                _f_checkstatus
 .text._f_writeglsector
                0x0000000008006d90       0x94 /tmp/cciQM8u7.o
                0x0000000008006d90                _f_writeglsector
 .text._f_readglsector
                0x0000000008006e24       0x6c /tmp/cciQM8u7.o
                0x0000000008006e24                _f_readglsector
 .text._f_checknameprim
                0x0000000008006e90       0x48 /tmp/cc5y4B6h.o
 .text._f_checkname
                0x0000000008006ed8       0x20 /tmp/cc5y4B6h.o
                0x0000000008006ed8                _f_checkname
 .text._f_checknamewc
                0x0000000008006ef8       0x30 /tmp/cc5y4B6h.o
                0x0000000008006ef8                _f_checknamewc
 .text._f_setnameext
                0x0000000008006f28       0xf0 /tmp/cc5y4B6h.o
                0x0000000008006f28                _f_setnameext
 .text._f_setfsname
                0x0000000008007018      0x16c /tmp/cc5y4B6h.o
                0x0000000008007018                _f_setfsname
 .text._f_updatefileentry
                0x0000000008007184       0xa8 /tmp/cc75u8pt.o
 .text._f_stepnextsector
                0x000000000800722c       0xa8 /tmp/cc75u8pt.o
 .text._f_extend
                0x00000000080072d4       0xdc /tmp/cc75u8pt.o
 .text._f_fseek
                0x00000000080073b0      0x154 /tmp/cc75u8pt.o
 .text.fn_open  0x0000000008007504      0x2c0 /tmp/cc75u8pt.o
                0x0000000008007504                fn_open
 .text.fn_close
                0x00000000080077c4       0x48 /tmp/cc75u8pt.o
                0x00000000080077c4                fn_close
 .text.fn_flush
                0x000000000800780c       0x40 /tmp/cc75u8pt.o
                0x000000000800780c                fn_flush
 .text.fn_write
                0x000000000800784c      0x130 /tmp/cc75u8pt.o
                0x000000000800784c                fn_write
 .text.fn_putc  0x000000000800797c       0x28 /tmp/cc75u8pt.o
                0x000000000800797c                fn_putc
 .text._f_writefatsector
                0x00000000080079a4       0x48 /tmp/cc2d0iEQ.o
                0x00000000080079a4                _f_writefatsector
 .text._f_getfatsector
                0x00000000080079ec       0x44 /tmp/cc2d0iEQ.o
                0x00000000080079ec                _f_getfatsector
 .text._f_setclustervalue
                0x0000000008007a30      0x154 /tmp/cc2d0iEQ.o
                0x0000000008007a30                _f_setclustervalue
 .text._f_getclustervalue
                0x0000000008007b84       0xe4 /tmp/cc2d0iEQ.o
                0x0000000008007b84                _f_getclustervalue
 .text._f_clustertopos
                0x0000000008007c68       0x44 /tmp/cc2d0iEQ.o
                0x0000000008007c68                _f_clustertopos
 .text._f_getcurrsector
                0x0000000008007cac       0x58 /tmp/cc2d0iEQ.o
                0x0000000008007cac                _f_getcurrsector
 .text._f_alloccluster
                0x0000000008007d04       0x58 /tmp/cc2d0iEQ.o
                0x0000000008007d04                _f_alloccluster
 .text._f_removechain
                0x0000000008007d5c       0x58 /tmp/cc2d0iEQ.o
                0x0000000008007d5c                _f_removechain
 .text._f_getword
                0x0000000008007db4        0xc /tmp/cc87zhE2.o
                0x0000000008007db4                _f_getword
 .text._f_setword
                0x0000000008007dc0        0x8 /tmp/cc87zhE2.o
                0x0000000008007dc0                _f_setword
 .text._f_getlong
                0x0000000008007dc8       0x1c /tmp/cc87zhE2.o
                0x0000000008007dc8                _f_getlong
 .text._f_setlong
                0x0000000008007de4       0x18 /tmp/cc87zhE2.o
                0x0000000008007de4                _f_setlong
 .text._f_toupper
                0x0000000008007dfc       0x10 /tmp/cc87zhE2.o
                0x0000000008007dfc                _f_toupper
 .text.f_igettimedate
                0x0000000008007e0c       0x54 /tmp/cc87zhE2.o
                0x0000000008007e0c                f_igettimedate
 .text.psp_getcurrenttimedate
                0x0000000008007e60       0x20 /tmp/ccJAt5Le.o
                0x0000000008007e60                psp_getcurrenttimedate
 .text.NVIC_PriorityGroupConfig
                0x0000000008007e80       0x14 Libraries/STM32F4xx_StdPeriph_Driver/libstm32f4.a(misc.o)
                0x0000000008007e80                NVIC_PriorityGroupConfig
 .text.NVIC_Init
                0x0000000008007e94       0x80 Libraries/STM32F4xx_StdPeriph_Driver/libstm32f4.a(misc.o)
                0x0000000008007e94                NVIC_Init
 .text.DMA_Init
                0x0000000008007f14       0x6c Libraries/STM32F4xx_StdPeriph_Driver/libstm32f4.a(stm32f4xx_dma.o)
                0x0000000008007f14                DMA_Init
 .text.DMA_Cmd  0x0000000008007f80       0x14 Libraries/STM32F4xx_StdPeriph_Driver/libstm32f4.a(stm32f4xx_dma.o)
                0x0000000008007f80                DMA_Cmd
 .text.DMA_ClearFlag
                0x0000000008007f94       0x3c Libraries/STM32F4xx_StdPeriph_Driver/libstm32f4.a(stm32f4xx_dma.o)
                0x0000000008007f94                DMA_ClearFlag
 .text.DMA_ITConfig
                0x0000000008007fd0       0x40 Libraries/STM32F4xx_StdPeriph_Driver/libstm32f4.a(stm32f4xx_dma.o)
                0x0000000008007fd0                DMA_ITConfig
 .text.DMA_ClearITPendingBit
                0x0000000008008010       0x3c Libraries/STM32F4xx_StdPeriph_Driver/libstm32f4.a(stm32f4xx_dma.o)
                0x0000000008008010                DMA_ClearITPendingBit
 .text.GPIO_Init
                0x000000000800804c       0xc0 Libraries/STM32F4xx_StdPeriph_Driver/libstm32f4.a(stm32f4xx_gpio.o)
                0x000000000800804c                GPIO_Init
 .text.GPIO_ReadInputDataBit
                0x000000000800810c        0xc Libraries/STM32F4xx_StdPeriph_Driver/libstm32f4.a(stm32f4xx_gpio.o)
                0x000000000800810c                GPIO_ReadInputDataBit
 .text.GPIO_SetBits
                0x0000000008008118        0x4 Libraries/STM32F4xx_StdPeriph_Driver/libstm32f4.a(stm32f4xx_gpio.o)
                0x0000000008008118                GPIO_SetBits
 .text.GPIO_ResetBits
                0x000000000800811c        0x4 Libraries/STM32F4xx_StdPeriph_Driver/libstm32f4.a(stm32f4xx_gpio.o)
                0x000000000800811c                GPIO_ResetBits
 .text.GPIO_PinAFConfig
                0x0000000008008120       0x28 Libraries/STM32F4xx_StdPeriph_Driver/libstm32f4.a(stm32f4xx_gpio.o)
                0x0000000008008120                GPIO_PinAFConfig
 .text.PWR_BackupAccessCmd
                0x0000000008008148        0xc Libraries/STM32F4xx_StdPeriph_Driver/libstm32f4.a(stm32f4xx_pwr.o)
                0x0000000008008148                PWR_BackupAccessCmd
 .text.RCC_LSICmd
                0x0000000008008154        0xc Libraries/STM32F4xx_StdPeriph_Driver/libstm32f4.a(stm32f4xx_rcc.o)
                0x0000000008008154                RCC_LSICmd
 .text.RCC_RTCCLKConfig
                0x0000000008008160       0x38 Libraries/STM32F4xx_StdPeriph_Driver/libstm32f4.a(stm32f4xx_rcc.o)
                0x0000000008008160                RCC_RTCCLKConfig
 .text.RCC_RTCCLKCmd
                0x0000000008008198        0xc Libraries/STM32F4xx_StdPeriph_Driver/libstm32f4.a(stm32f4xx_rcc.o)
                0x0000000008008198                RCC_RTCCLKCmd
 .text.RCC_AHB1PeriphClockCmd
                0x00000000080081a4       0x1c Libraries/STM32F4xx_StdPeriph_Driver/libstm32f4.a(stm32f4xx_rcc.o)
                0x00000000080081a4                RCC_AHB1PeriphClockCmd
 .text.RCC_APB1PeriphClockCmd
                0x00000000080081c0       0x1c Libraries/STM32F4xx_StdPeriph_Driver/libstm32f4.a(stm32f4xx_rcc.o)
                0x00000000080081c0                RCC_APB1PeriphClockCmd
 .text.RCC_APB2PeriphClockCmd
                0x00000000080081dc       0x1c Libraries/STM32F4xx_StdPeriph_Driver/libstm32f4.a(stm32f4xx_rcc.o)
                0x00000000080081dc                RCC_APB2PeriphClockCmd
 .text.RCC_GetFlagStatus
                0x00000000080081f8       0x3c Libraries/STM32F4xx_StdPeriph_Driver/libstm32f4.a(stm32f4xx_rcc.o)
                0x00000000080081f8                RCC_GetFlagStatus
 .text.RTC_EnterInitMode
                0x0000000008008234       0x48 Libraries/STM32F4xx_StdPeriph_Driver/libstm32f4.a(stm32f4xx_rtc.o)
                0x0000000008008234                RTC_EnterInitMode
 .text.RTC_Init
                0x000000000800827c       0x50 Libraries/STM32F4xx_StdPeriph_Driver/libstm32f4.a(stm32f4xx_rtc.o)
                0x000000000800827c                RTC_Init
 .text.RTC_WaitForSynchro
                0x00000000080082cc       0x4c Libraries/STM32F4xx_StdPeriph_Driver/libstm32f4.a(stm32f4xx_rtc.o)
                0x00000000080082cc                RTC_WaitForSynchro
 .text.RTC_SetTime
                0x0000000008008318      0x104 Libraries/STM32F4xx_StdPeriph_Driver/libstm32f4.a(stm32f4xx_rtc.o)
                0x0000000008008318                RTC_SetTime
 .text.RTC_GetTime
                0x000000000800841c       0x5c Libraries/STM32F4xx_StdPeriph_Driver/libstm32f4.a(stm32f4xx_rtc.o)
                0x000000000800841c                RTC_GetTime
 .text.RTC_SetDate
                0x0000000008008478       0xe0 Libraries/STM32F4xx_StdPeriph_Driver/libstm32f4.a(stm32f4xx_rtc.o)
                0x0000000008008478                RTC_SetDate
 .text.RTC_GetDate
                0x0000000008008558       0x5c Libraries/STM32F4xx_StdPeriph_Driver/libstm32f4.a(stm32f4xx_rtc.o)
                0x0000000008008558                RTC_GetDate
 .text.RTC_GetFlagStatus
                0x00000000080085b4       0x20 Libraries/STM32F4xx_StdPeriph_Driver/libstm32f4.a(stm32f4xx_rtc.o)
                0x00000000080085b4                RTC_GetFlagStatus
 .text.SPI_Init
                0x00000000080085d4       0x54 Libraries/STM32F4xx_StdPeriph_Driver/libstm32f4.a(stm32f4xx_spi.o)
                0x00000000080085d4                SPI_Init
 .text.SPI_Cmd  0x0000000008008628       0x1c Libraries/STM32F4xx_StdPeriph_Driver/libstm32f4.a(stm32f4xx_spi.o)
                0x0000000008008628                SPI_Cmd
 .text.SPI_I2S_ReceiveData
                0x0000000008008644        0x8 Libraries/STM32F4xx_StdPeriph_Driver/libstm32f4.a(stm32f4xx_spi.o)
                0x0000000008008644                SPI_I2S_ReceiveData
 .text.SPI_I2S_SendData
                0x000000000800864c        0x4 Libraries/STM32F4xx_StdPeriph_Driver/libstm32f4.a(stm32f4xx_spi.o)
                0x000000000800864c                SPI_I2S_SendData
 .text.SPI_I2S_DMACmd
                0x0000000008008650       0x14 Libraries/STM32F4xx_StdPeriph_Driver/libstm32f4.a(stm32f4xx_spi.o)
                0x0000000008008650                SPI_I2S_DMACmd
 .text.SPI_I2S_GetFlagStatus
                0x0000000008008664        0xc Libraries/STM32F4xx_StdPeriph_Driver/libstm32f4.a(stm32f4xx_spi.o)
                0x0000000008008664                SPI_I2S_GetFlagStatus
 .text.arm_cmplx_mag_f32
                0x0000000008008670      0x1b0 Libraries/CMSIS/libarm_cortexM4f_math.a(arm_cmplx_mag_f32.o)
                0x0000000008008670                arm_cmplx_mag_f32
 .text.arm_max_f32
                0x0000000008008820       0xc4 Libraries/CMSIS/libarm_cortexM4f_math.a(arm_max_f32.o)
                0x0000000008008820                arm_max_f32
 .text.arm_mean_f32
                0x00000000080088e4       0x64 Libraries/CMSIS/libarm_cortexM4f_math.a(arm_mean_f32.o)
                0x00000000080088e4                arm_mean_f32
 .text.arm_fill_f32
                0x0000000008008948       0x3c Libraries/CMSIS/libarm_cortexM4f_math.a(arm_fill_f32.o)
                0x0000000008008948                arm_fill_f32
 .text.stage_rfft_f32
                0x0000000008008984       0xa4 Libraries/CMSIS/libarm_cortexM4f_math.a(arm_rfft_fast_f32.o)
                0x0000000008008984                stage_rfft_f32
 .text.merge_rfft_f32
                0x0000000008008a28       0xa4 Libraries/CMSIS/libarm_cortexM4f_math.a(arm_rfft_fast_f32.o)
                0x0000000008008a28                merge_rfft_f32
 .text.arm_rfft_fast_f32
                0x0000000008008acc       0x40 Libraries/CMSIS/libarm_cortexM4f_math.a(arm_rfft_fast_f32.o)
                0x0000000008008acc                arm_rfft_fast_f32
 .text.arm_rfft_fast_init_f32
                0x0000000008008b0c       0x40 Libraries/CMSIS/libarm_cortexM4f_math.a(arm_rfft_fast_init_f32.o)
                0x0000000008008b0c                arm_rfft_fast_init_f32
 .text.arm_cfft_radix8by2_f32
                0x0000000008008b4c      0x1a0 Libraries/CMSIS/libarm_cortexM4f_math.a(arm_cfft_f32.o)
                0x0000000008008b4c                arm_cfft_radix8by2_f32
 .text.arm_cfft_radix8by4_f32
                0x0000000008008cec      0x4c0 Libraries/CMSIS/libarm_cortexM4f_math.a(arm_cfft_f32.o)
                0x0000000008008cec                arm_cfft_radix8by4_f32
 .text.arm_cfft_f32
                0x00000000080091ac      0x100 Libraries/CMSIS/libarm_cortexM4f_math.a(arm_cfft_f32.o)
                0x00000000080091ac                arm_cfft_f32
 .text.arm_radix8_butterfly_f32
                0x00000000080092ac      0x634 Libraries/CMSIS/libarm_cortexM4f_math.a(arm_cfft_radix8_f32.o)
                0x00000000080092ac                arm_radix8_butterfly_f32
 .text.memcmp   0x00000000080098e0       0x68 /usr/lib/gcc/arm-none-eabi/4.8/../../../arm-none-eabi/lib/armv7e-m/fpu/libg.a(lib_a-memcmp.o)
                0x00000000080098e0                memcmp
 .text.memset   0x0000000008009948       0x94 /usr/lib/gcc/arm-none-eabi/4.8/../../../arm-none-eabi/lib/armv7e-m/fpu/libg.a(lib_a-memset.o)
                0x0000000008009948                memset
 .text.strcpy   0x00000000080099dc       0xbc /usr/lib/gcc/arm-none-eabi/4.8/../../../arm-none-eabi/lib/armv7e-m/fpu/libg.a(lib_a-strcpy.o)
                0x00000000080099dc                strcpy
 .text.strlen   0x0000000008009a98       0x5c /usr/lib/gcc/arm-none-eabi/4.8/../../../arm-none-eabi/lib/armv7e-m/fpu/libg.a(lib_a-strlen.o)
                0x0000000008009a98                strlen
 .text.sqrtf    0x0000000008009af4       0xbc /usr/lib/gcc/arm-none-eabi/4.8/../../../arm-none-eabi/lib/armv7e-m/fpu/libm.a(lib_a-wf_sqrt.o)
                0x0000000008009af4                sqrtf
 .text.__ieee754_sqrtf
                0x0000000008009bb0       0xa4 /usr/lib/gcc/arm-none-eabi/4.8/../../../arm-none-eabi/lib/armv7e-m/fpu/libm.a(lib_a-ef_sqrt.o)
                0x0000000008009bb0                __ieee754_sqrtf
 .text.matherr  0x0000000008009c54        0x4 /usr/lib/gcc/arm-none-eabi/4.8/../../../arm-none-eabi/lib/armv7e-m/fpu/libm.a(lib_a-s_matherr.o)
                0x0000000008009c54                matherr
 .text.__fpclassifyf
                0x0000000008009c58       0x38 /usr/lib/gcc/arm-none-eabi/4.8/../../../arm-none-eabi/lib/armv7e-m/fpu/libm.a(lib_a-sf_fpclassify.o)
                0x0000000008009c58                __fpclassifyf
 .text.__errno  0x0000000008009c90        0xc /usr/lib/gcc/arm-none-eabi/4.8/../../../arm-none-eabi/lib/armv7e-m/fpu/libg.a(lib_a-errno.o)
                0x0000000008009c90                __errno
 *(.rodata)
 .rodata        0x0000000008009c9c       0x10 /tmp/ccnel98H.o
 *(.rodata*)
 .rodata.symbols
                0x0000000008009cac       0x48 /tmp/ccGEazHG.o
                0x0000000008009cac                symbols
 .rodata.yEndPoints
                0x0000000008009cf4       0x7c /tmp/ccnel98H.o
 .rodata.xEndPoints
                0x0000000008009d70       0x7c /tmp/ccnel98H.o
 .rodata.str1.4
                0x0000000008009dec       0x23 /tmp/ccnel98H.o
                                         0x24 (size before relaxing)
 *fill*         0x0000000008009e0f        0x1 
 .rodata.colours
                0x0000000008009e10       0x14 /tmp/ccnel98H.o
 .rodata.font   0x0000000008009e24      0x1e0 /tmp/cc4nIaQJ.o
                0x0000000008009e24                font
 .rodata.str1.4
                0x000000000800a004       0x8d /tmp/cc9hPYJP.o
                                         0x90 (size before relaxing)
 *fill*         0x000000000800a091        0x3 
 .rodata.headers
                0x000000000800a094       0x10 /tmp/cc9hPYJP.o
 .rodata.str1.4
                0x000000000800a0a4       0x17 /tmp/ccWLO4UX.o
                                         0x18 (size before relaxing)
 *fill*         0x000000000800a0bb        0x1 
 .rodata.str1.4
                0x000000000800a0bc        0x9 /tmp/ccTbJj0a.o
                                          0xc (size before relaxing)
 *fill*         0x000000000800a0c5        0x3 
 .rodata.str1.4
                0x000000000800a0c8       0x12 /tmp/ccQd9kcg.o
                                         0x18 (size before relaxing)
 *fill*         0x000000000800a0da        0x2 
 .rodata.bank1_ramp_init
                0x000000000800a0dc        0xc /tmp/ccmF0ror.o
 .rodata.bank1_init
                0x000000000800a0e8       0x28 /tmp/ccmF0ror.o
 .rodata.bank0_init
                0x000000000800a110       0x14 /tmp/ccmF0ror.o
 .rodata.str1.4
                0x000000000800a124        0x5 /tmp/ccTZexaY.o
                                          0x8 (size before relaxing)
 *fill*         0x000000000800a129        0x3 
 .rodata.twiddleCoef_512
                0x000000000800a12c     0x1000 Libraries/CMSIS/libarm_cortexM4f_math.a(arm_common_tables.o)
                0x000000000800a12c                twiddleCoef_512
 .rodata.armBitRevIndexTable512
                0x000000000800b12c      0x380 Libraries/CMSIS/libarm_cortexM4f_math.a(arm_common_tables.o)
                0x000000000800b12c                armBitRevIndexTable512
 .rodata.twiddleCoef_rfft_1024
                0x000000000800b4ac     0x1000 Libraries/CMSIS/libarm_cortexM4f_math.a(arm_common_tables.o)
                0x000000000800b4ac                twiddleCoef_rfft_1024
 .rodata.str1.4
                0x000000000800c4ac        0x2 /usr/lib/gcc/arm-none-eabi/4.8/../../../arm-none-eabi/lib/armv7e-m/fpu/libg.a(lib_a-impure.o)
                                          0x4 (size before relaxing)
 *fill*         0x000000000800c4ae        0x2 
 .rodata.str1.4
                0x000000000800c4b0        0x8 /usr/lib/gcc/arm-none-eabi/4.8/../../../arm-none-eabi/lib/armv7e-m/fpu/libm.a(lib_a-wf_sqrt.o)
 *(.glue_7)
 .glue_7        0x000000000800c4b8        0x0 linker stubs
 *(.glue_7t)
 .glue_7t       0x000000000800c4b8        0x0 linker stubs
 *(.init)
 .init          0x000000000800c4b8        0x4 /usr/lib/gcc/arm-none-eabi/4.8/armv7e-m/fpu/crti.o
                0x000000000800c4b8                _init
 .init          0x000000000800c4bc        0x8 /usr/lib/gcc/arm-none-eabi/4.8/armv7e-m/fpu/crtn.o
 *(.fini)
 .fini          0x000000000800c4c4        0x4 /usr/lib/gcc/arm-none-eabi/4.8/armv7e-m/fpu/crti.o
                0x000000000800c4c4                _fini
 .fini          0x000000000800c4c8        0x8 /usr/lib/gcc/arm-none-eabi/4.8/armv7e-m/fpu/crtn.o
                0x000000000800c4d0                . = ALIGN (0x4)
                0x000000000800c4d0                _etext = .
                0x000000000800c4d0                _sidata = _etext

.vfp11_veneer   0x000000000800c4d0        0x0
 .vfp11_veneer  0x000000000800c4d0        0x0 linker stubs

.v4_bx          0x000000000800c4d0        0x0
 .v4_bx         0x000000000800c4d0        0x0 linker stubs

.iplt           0x000000000800c4d0        0x0
 .iplt          0x000000000800c4d0        0x0 /usr/lib/gcc/arm-none-eabi/4.8/armv7e-m/fpu/crtbegin.o

.rel.dyn        0x000000000800c4d0        0x0
 .rel.iplt      0x000000000800c4d0        0x0 /usr/lib/gcc/arm-none-eabi/4.8/armv7e-m/fpu/crtbegin.o

.data           0x0000000020000000      0xa48 load address 0x000000000800c4d0
                0x0000000020000000                . = ALIGN (0x4)
                0x0000000020000000                _sdata = .
                0x0000000020000000                _data = .
 *(.data)
 *(.data.*)
 .data.entryHeaderElements
                0x0000000020000000       0x18 /tmp/cc9hPYJP.o
 .data.mode     0x0000000020000018        0x1 /tmp/cc9hPYJP.o
 *fill*         0x0000000020000019        0x3 
 .data.emptySpaceArea
                0x000000002000001c        0x8 /tmp/cc9hPYJP.o
 .data.settingButton1Text
                0x0000000020000024        0x8 /tmp/cc9hPYJP.o
 .data.accelBarElements
                0x000000002000002c       0x18 /tmp/cc9hPYJP.o
 .data.setting5Underline
                0x0000000020000044        0x8 /tmp/cc9hPYJP.o
 .data.notificationText
                0x000000002000004c        0x8 /tmp/cc9hPYJP.o
 .data.entryBottomPadding
                0x0000000020000054        0xc /tmp/cc9hPYJP.o
 .data.notification
                0x0000000020000060        0xc /tmp/cc9hPYJP.o
 .data.notificationMessageText
                0x000000002000006c        0x8 /tmp/cc9hPYJP.o
 .data.setting1Text
                0x0000000020000074        0x8 /tmp/cc9hPYJP.o
 .data.setting5Elements
                0x000000002000007c       0x24 /tmp/cc9hPYJP.o
 .data.accelPowerElements
                0x00000000200000a0       0x24 /tmp/cc9hPYJP.o
 .data.notificationMessageElements
                0x00000000200000c4       0x18 /tmp/cc9hPYJP.o
 .data.setting1
                0x00000000200000dc        0x8 /tmp/cc9hPYJP.o
 .data.setting2
                0x00000000200000e4        0x8 /tmp/cc9hPYJP.o
 .data.setting3
                0x00000000200000ec        0x8 /tmp/cc9hPYJP.o
 .data.setting4
                0x00000000200000f4        0x8 /tmp/cc9hPYJP.o
 .data.speedArea
                0x00000000200000fc        0x8 /tmp/cc9hPYJP.o
 .data.setting4Text
                0x0000000020000104        0x8 /tmp/cc9hPYJP.o
 .data.dialArea
                0x000000002000010c        0x8 /tmp/cc9hPYJP.o
 .data.powerBarArea
                0x0000000020000114        0x8 /tmp/cc9hPYJP.o
 .data.powerBarElements
                0x000000002000011c       0x18 /tmp/cc9hPYJP.o
 .data.setbut1  0x0000000020000134        0x8 /tmp/cc9hPYJP.o
 .data.button1Elements
                0x000000002000013c       0x18 /tmp/cc9hPYJP.o
 .data.button1Text
                0x0000000020000154        0x8 /tmp/cc9hPYJP.o
 .data.settingButton5Text
                0x000000002000015c        0x8 /tmp/cc9hPYJP.o
 .data.setbut5  0x0000000020000164        0x8 /tmp/cc9hPYJP.o
 .data.accelPowerArea
                0x000000002000016c        0x8 /tmp/cc9hPYJP.o
 .data.analogDistText
                0x0000000020000174        0x8 /tmp/cc9hPYJP.o
 .data.button2Elements
                0x000000002000017c       0x18 /tmp/cc9hPYJP.o
 .data.settingButton1
                0x0000000020000194        0x8 /tmp/cc9hPYJP.o
 .data.button3Elements
                0x000000002000019c       0x18 /tmp/cc9hPYJP.o
 .data.powBar   0x00000000200001b4        0x4 /tmp/cc9hPYJP.o
 .data.notificationPadding
                0x00000000200001b8        0x8 /tmp/cc9hPYJP.o
 .data.entryHeaderText
                0x00000000200001c0        0x8 /tmp/cc9hPYJP.o
 .data.setting5
                0x00000000200001c8        0x8 /tmp/cc9hPYJP.o
 .data.sdStatus
                0x00000000200001d0        0x8 /tmp/cc9hPYJP.o
 .data.timeText
                0x00000000200001d8        0x8 /tmp/cc9hPYJP.o
 .data.setting3Underline
                0x00000000200001e0        0x8 /tmp/cc9hPYJP.o
 .data.setting1Elements
                0x00000000200001e8       0x24 /tmp/cc9hPYJP.o
 .data.buttonSelected
                0x000000002000020c        0x4 /tmp/cc9hPYJP.o
 .data.settingsButton1Elements
                0x0000000020000210       0x18 /tmp/cc9hPYJP.o
 .data.entryTopPadding
                0x0000000020000228        0xc /tmp/cc9hPYJP.o
 .data.setting2Elements
                0x0000000020000234       0x24 /tmp/cc9hPYJP.o
 .data.dateArea
                0x0000000020000258        0x8 /tmp/cc9hPYJP.o
 .data.settingsButton2Elements
                0x0000000020000260       0x18 /tmp/cc9hPYJP.o
 .data.sdInserted
                0x0000000020000278        0x4 /tmp/cc9hPYJP.o
 .data.powerText
                0x000000002000027c        0x8 /tmp/cc9hPYJP.o
 .data.dateText
                0x0000000020000284        0x8 /tmp/cc9hPYJP.o
 .data.setting1Underline
                0x000000002000028c        0x8 /tmp/cc9hPYJP.o
 .data.setting2Text
                0x0000000020000294        0x8 /tmp/cc9hPYJP.o
 .data.settingsButton3Elements
                0x000000002000029c       0x18 /tmp/cc9hPYJP.o
 .data.timeArea
                0x00000000200002b4        0x8 /tmp/cc9hPYJP.o
 .data.setting4Elements
                0x00000000200002bc       0x24 /tmp/cc9hPYJP.o
 .data.distArea
                0x00000000200002e0        0x8 /tmp/cc9hPYJP.o
 .data.notificationArea
                0x00000000200002e8        0x8 /tmp/cc9hPYJP.o
 .data.settingsButton4Elements
                0x00000000200002f0       0x18 /tmp/cc9hPYJP.o
 .data.setting5Text
                0x0000000020000308        0x8 /tmp/cc9hPYJP.o
 .data.notificationElements
                0x0000000020000310       0x18 /tmp/cc9hPYJP.o
 .data.settingButton3
                0x0000000020000328        0x8 /tmp/cc9hPYJP.o
 .data.settingButton4
                0x0000000020000330        0x8 /tmp/cc9hPYJP.o
 .data.settingButton5
                0x0000000020000338        0x8 /tmp/cc9hPYJP.o
 .data.settingButton3Text
                0x0000000020000340        0x8 /tmp/cc9hPYJP.o
 .data.notificationMessageArea
                0x0000000020000348        0x8 /tmp/cc9hPYJP.o
 .data.settingsButton5Elements
                0x0000000020000350       0x18 /tmp/cc9hPYJP.o
 .data.button2Text
                0x0000000020000368        0x8 /tmp/cc9hPYJP.o
 .data.setbut3  0x0000000020000370        0x8 /tmp/cc9hPYJP.o
 .data.notificationPaddingElements
                0x0000000020000378        0xc /tmp/cc9hPYJP.o
 .data.setting3Elements
                0x0000000020000384       0x24 /tmp/cc9hPYJP.o
 .data.entryArea
                0x00000000200003a8        0x8 /tmp/cc9hPYJP.o
 .data.dial     0x00000000200003b0        0x8 /tmp/cc9hPYJP.o
 .data.currentSelected
                0x00000000200003b8        0x4 /tmp/cc9hPYJP.o
 .data.topPaddingArea
                0x00000000200003bc        0x8 /tmp/cc9hPYJP.o
 .data.button2  0x00000000200003c4        0x8 /tmp/cc9hPYJP.o
 .data.button3  0x00000000200003cc        0x8 /tmp/cc9hPYJP.o
 .data.emptySpaceElements
                0x00000000200003d4        0xc /tmp/cc9hPYJP.o
 .data.setting4Underline
                0x00000000200003e0        0x8 /tmp/cc9hPYJP.o
 .data.speedElements
                0x00000000200003e8       0x18 /tmp/cc9hPYJP.o
 .data.dialElements
                0x0000000020000400       0x18 /tmp/cc9hPYJP.o
 .data.analogDistArea
                0x0000000020000418        0x8 /tmp/cc9hPYJP.o
 .data.distElements
                0x0000000020000420       0x18 /tmp/cc9hPYJP.o
 .data.statusTime
                0x0000000020000438        0x8 /tmp/cc9hPYJP.o
 .data.statusElements
                0x0000000020000440       0x30 /tmp/cc9hPYJP.o
 .data.statusBar
                0x0000000020000470        0x8 /tmp/cc9hPYJP.o
 .data.speedText
                0x0000000020000478        0x8 /tmp/cc9hPYJP.o
 .data.accelBar
                0x0000000020000480        0x4 /tmp/cc9hPYJP.o
 .data.distText
                0x0000000020000484        0x8 /tmp/cc9hPYJP.o
 .data.entryUnderline
                0x000000002000048c        0x8 /tmp/cc9hPYJP.o
 .data.entryHeaderArea
                0x0000000020000494        0x8 /tmp/cc9hPYJP.o
 .data.accelBarArea
                0x000000002000049c        0x8 /tmp/cc9hPYJP.o
 .data.bottomPaddingArea
                0x00000000200004a4        0x8 /tmp/cc9hPYJP.o
 .data.timeElements
                0x00000000200004ac       0x18 /tmp/cc9hPYJP.o
 .data.rfStatus
                0x00000000200004c4        0x8 /tmp/cc9hPYJP.o
 .data.button1  0x00000000200004cc        0x8 /tmp/cc9hPYJP.o
 .data.setting3Text
                0x00000000200004d4        0x8 /tmp/cc9hPYJP.o
 .data.radioSignal
                0x00000000200004dc        0x4 /tmp/cc9hPYJP.o
 .data.dateElements
                0x00000000200004e0       0x18 /tmp/cc9hPYJP.o
 .data.accelText
                0x00000000200004f8        0x8 /tmp/cc9hPYJP.o
 .data.setting2Underline
                0x0000000020000500        0x8 /tmp/cc9hPYJP.o
 .data.settingButton2
                0x0000000020000508        0x8 /tmp/cc9hPYJP.o
 .data.settingButton4Text
                0x0000000020000510        0x8 /tmp/cc9hPYJP.o
 .data.setbut2  0x0000000020000518        0x8 /tmp/cc9hPYJP.o
 .data.entryElements
                0x0000000020000520       0x24 /tmp/cc9hPYJP.o
 .data.setbut4  0x0000000020000544        0x8 /tmp/cc9hPYJP.o
 .data.settingButton2Text
                0x000000002000054c        0x8 /tmp/cc9hPYJP.o
 .data.button3Text
                0x0000000020000554        0x8 /tmp/cc9hPYJP.o
 .data.analogDistElements
                0x000000002000055c       0x18 /tmp/cc9hPYJP.o
 .data.entryText
                0x0000000020000574        0x8 /tmp/cc9hPYJP.o
 .data.Rcmd1    0x000000002000057c       0x3c /tmp/ccfMtCFT.o
 .data.Rcmd3    0x00000000200005b8       0x2c /tmp/ccfMtCFT.o
 .data.Rcmd2red
                0x00000000200005e4       0x10 /tmp/ccfMtCFT.o
 .data.currentSelection
                0x00000000200005f4        0x4 /tmp/ccTbJj0a.o
 .data.currentEntry
                0x00000000200005f8        0x1 /tmp/ccTbJj0a.o
 *fill*         0x00000000200005f9        0x3 
 .data.needInit
                0x00000000200005fc        0x4 /tmp/ccQd9kcg.o
 .data.SystemCoreClock
                0x0000000020000600        0x4 /tmp/ccVSOFkx.o
                0x0000000020000600                SystemCoreClock
 .data.samplesMissed
                0x0000000020000604        0x4 /tmp/ccln7mED.o
 .data.wheelSize
                0x0000000020000608        0x4 /tmp/ccln7mED.o
 .data.carWeight
                0x000000002000060c        0x4 /tmp/ccln7mED.o
 .data.xNextTaskUnblockTime
                0x0000000020000610        0x4 /tmp/ccTZexaY.o
 .data.uxCriticalNesting
                0x0000000020000614        0x4 /tmp/cch9CGGD.o
 .data.impure_data
                0x0000000020000618      0x428 /usr/lib/gcc/arm-none-eabi/4.8/../../../arm-none-eabi/lib/armv7e-m/fpu/libg.a(lib_a-impure.o)
 .data._impure_ptr
                0x0000000020000a40        0x4 /usr/lib/gcc/arm-none-eabi/4.8/../../../arm-none-eabi/lib/armv7e-m/fpu/libg.a(lib_a-impure.o)
                0x0000000020000a40                _impure_ptr
 .data.__fdlib_version
                0x0000000020000a44        0x1 /usr/lib/gcc/arm-none-eabi/4.8/../../../arm-none-eabi/lib/armv7e-m/fpu/libm.a(lib_a-s_lib_ver.o)
                0x0000000020000a44                __fdlib_version
 *(.RAMtext)
                0x0000000020000a48                . = ALIGN (0x4)
 *fill*         0x0000000020000a45        0x3 
                0x0000000020000a48                _edata = .

.igot.plt       0x0000000020000a48        0x0 load address 0x000000000800cf18
 .igot.plt      0x0000000020000a48        0x0 /usr/lib/gcc/arm-none-eabi/4.8/armv7e-m/fpu/crtbegin.o

.bss            0x0000000020000a48     0xb370 load address 0x000000000800cf18
                0x0000000020000a48                . = ALIGN (0x4)
                0x0000000020000a48                _sbss = .
                0x0000000020000a48                _bss = .
 *(.bss)
 *(.bss.*)
 .bss.fBuff     0x0000000020000a48     0x4e24 /tmp/ccnel98H.o
 .bss.SPI2Init  0x000000002000586c       0x14 /tmp/cchxEDcM.o
 .bss.SPI1Lock  0x0000000020005880        0x4 /tmp/cchxEDcM.o
 .bss.DMASPI1Signal
                0x0000000020005884        0x4 /tmp/cchxEDcM.o
 .bss.SPI2Lock  0x0000000020005888        0x4 /tmp/cchxEDcM.o
 .bss.DMA2Init  0x000000002000588c       0x3c /tmp/cchxEDcM.o
 .bss.SPI1Init  0x00000000200058c8       0x14 /tmp/cchxEDcM.o
 .bss.set5text  0x00000000200058dc       0x10 /tmp/cc9hPYJP.o
 .bss.power     0x00000000200058ec       0x10 /tmp/cc9hPYJP.o
 .bss.dist      0x00000000200058fc       0x10 /tmp/cc9hPYJP.o
 .bss.speed     0x000000002000590c       0x10 /tmp/cc9hPYJP.o
 .bss.accel     0x000000002000591c       0x10 /tmp/cc9hPYJP.o
 .bss.but2      0x000000002000592c       0x10 /tmp/cc9hPYJP.o
 .bss.but3      0x000000002000593c       0x10 /tmp/cc9hPYJP.o
 .bss.entry     0x000000002000594c       0x10 /tmp/cc9hPYJP.o
 .bss.set3text  0x000000002000595c       0x10 /tmp/cc9hPYJP.o
 .bss.smallTime
                0x000000002000596c       0x14 /tmp/cc9hPYJP.o
 .bss.set1text  0x0000000020005980       0x10 /tmp/cc9hPYJP.o
 .bss.selectedPos
                0x0000000020005990        0x4 /tmp/cc9hPYJP.o
 .bss.notificationType
                0x0000000020005994        0x4 /tmp/cc9hPYJP.o
 .bss.allDirty  0x0000000020005998        0x4 /tmp/cc9hPYJP.o
 .bss.set4text  0x000000002000599c       0x10 /tmp/cc9hPYJP.o
 .bss.time      0x00000000200059ac       0x14 /tmp/cc9hPYJP.o
 .bss.but1      0x00000000200059c0       0x10 /tmp/cc9hPYJP.o
 .bss.headerNum
                0x00000000200059d0        0x4 /tmp/cc9hPYJP.o
 .bss.date      0x00000000200059d4       0x14 /tmp/cc9hPYJP.o
 .bss.set2text  0x00000000200059e8       0x10 /tmp/cc9hPYJP.o
 .bss.button2Waiting
                0x00000000200059f8        0x4 /tmp/ccTbJj0a.o
 .bss.radioStatus
                0x00000000200059fc        0x4 /tmp/ccTbJj0a.o
 .bss.lastButton1
                0x0000000020005a00        0x4 /tmp/ccTbJj0a.o
 .bss.currentMode
                0x0000000020005a04        0x1 /tmp/ccTbJj0a.o
 *fill*         0x0000000020005a05        0x3 
 .bss.modeLock  0x0000000020005a08        0x4 /tmp/ccTbJj0a.o
 .bss.entryPos  0x0000000020005a0c        0x4 /tmp/ccTbJj0a.o
 .bss.lastButton2
                0x0000000020005a10        0x4 /tmp/ccTbJj0a.o
 .bss.keypadSelection
                0x0000000020005a14        0x4 /tmp/ccTbJj0a.o
 .bss.textEntry
                0x0000000020005a18       0x14 /tmp/ccTbJj0a.o
 .bss.notificationStart
                0x0000000020005a2c        0x4 /tmp/ccTbJj0a.o
 .bss.sdStatus  0x0000000020005a30        0x4 /tmp/ccTbJj0a.o
 .bss.settingSelection
                0x0000000020005a34        0x4 /tmp/ccTbJj0a.o
 .bss.holdTime  0x0000000020005a38        0x4 /tmp/ccTbJj0a.o
 .bss.button1Waiting
                0x0000000020005a3c        0x4 /tmp/ccTbJj0a.o
 .bss.statusChecked
                0x0000000020005a40        0x4 /tmp/ccQd9kcg.o
 .bss.currentTrip
                0x0000000020005a44        0x4 /tmp/ccQd9kcg.o
 .bss.currentFile
                0x0000000020005a48        0x4 /tmp/ccQd9kcg.o
 .bss.sdPresent
                0x0000000020005a4c        0x4 /tmp/ccQd9kcg.o
 .bss.driver    0x0000000020005a50       0x1c /tmp/ccQd9kcg.o
 .bss.internalSdPresent
                0x0000000020005a6c        0x4 /tmp/ccQd9kcg.o
 .bss.stopRecording
                0x0000000020005a70        0x4 /tmp/ccQd9kcg.o
 .bss.sdRemoved
                0x0000000020005a74        0x4 /tmp/ccQd9kcg.o
 .bss.recording
                0x0000000020005a78        0x4 /tmp/ccQd9kcg.o
 .bss.sampling  0x0000000020005a7c        0x4 /tmp/ccln7mED.o
 .bss.fftInstance
                0x0000000020005a80       0x18 /tmp/ccln7mED.o
 .bss.accelData
                0x0000000020005a98      0x12c /tmp/ccln7mED.o
 .bss.distAccurate
                0x0000000020005bc4        0x4 /tmp/ccln7mED.o
 .bss.lastSpeed
                0x0000000020005bc8        0x4 /tmp/ccln7mED.o
 .bss.distance  0x0000000020005bcc        0x4 /tmp/ccln7mED.o
 .bss.currentSpeed
                0x0000000020005bd0        0x4 /tmp/ccln7mED.o
 .bss.input     0x0000000020005bd4     0x1000 /tmp/ccln7mED.o
 .bss.buff      0x0000000020006bd4       0x20 /tmp/ccln7mED.o
 .bss.pos       0x0000000020006bf4        0x4 /tmp/ccln7mED.o
 .bss.output    0x0000000020006bf8     0x1000 /tmp/ccln7mED.o
 .bss.lateralAcceleration
                0x0000000020007bf8        0x4 /tmp/ccln7mED.o
 .bss.radioPresent
                0x0000000020007bfc        0x4 /tmp/ccln7mED.o
 .bss.currentPower
                0x0000000020007c00        0x4 /tmp/ccln7mED.o
 .bss.pxDelayedTaskList
                0x0000000020007c04        0x4 /tmp/ccTZexaY.o
 .bss.xSchedulerRunning
                0x0000000020007c08        0x4 /tmp/ccTZexaY.o
 .bss.xNumOfOverflows
                0x0000000020007c0c        0x4 /tmp/ccTZexaY.o
 .bss.xDelayedTaskList2
                0x0000000020007c10       0x14 /tmp/ccTZexaY.o
 .bss.uxPendedTicks
                0x0000000020007c24        0x4 /tmp/ccTZexaY.o
 .bss.pxReadyTasksLists
                0x0000000020007c28       0x78 /tmp/ccTZexaY.o
 .bss.uxSchedulerSuspended
                0x0000000020007ca0        0x4 /tmp/ccTZexaY.o
 .bss.pxCurrentTCB
                0x0000000020007ca4        0x4 /tmp/ccTZexaY.o
                0x0000000020007ca4                pxCurrentTCB
 .bss.xPendingReadyList
                0x0000000020007ca8       0x14 /tmp/ccTZexaY.o
 .bss.xTickCount
                0x0000000020007cbc        0x4 /tmp/ccTZexaY.o
 .bss.pxOverflowDelayedTaskList
                0x0000000020007cc0        0x4 /tmp/ccTZexaY.o
 .bss.uxTaskNumber
                0x0000000020007cc4        0x4 /tmp/ccTZexaY.o
 .bss.xDelayedTaskList1
                0x0000000020007cc8       0x14 /tmp/ccTZexaY.o
 .bss.uxCurrentNumberOfTasks
                0x0000000020007cdc        0x4 /tmp/ccTZexaY.o
 .bss.uxTopReadyPriority
                0x0000000020007ce0        0x4 /tmp/ccTZexaY.o
 .bss.xYieldPending
                0x0000000020007ce4        0x4 /tmp/ccTZexaY.o
 .bss.pucAlignedHeap.7549
                0x0000000020007ce8        0x4 /tmp/cc7O5vTu.o
 .bss.xNextFreeByte
                0x0000000020007cec        0x4 /tmp/cc7O5vTu.o
 .bss.ucHeap    0x0000000020007cf0     0x3c00 /tmp/cc7O5vTu.o
 .bss.ucMaxSysCallPriority
                0x000000002000b8f0        0x1 /tmp/cch9CGGD.o
 *fill*         0x000000002000b8f1        0x3 
 .bss.ulMaxPRIGROUPValue
                0x000000002000b8f4        0x4 /tmp/cch9CGGD.o
 .bss.mdrv      0x000000002000b8f8        0x4 /tmp/cciQM8u7.o
                0x000000002000b8f8                mdrv
 *(COMMON)
 COMMON         0x000000002000b8fc        0x4 /tmp/ccQd9kcg.o
                0x000000002000b8fc                dataQueue
 COMMON         0x000000002000b900      0x4b8 /tmp/ccKf4FfX.o
                0x000000002000b900                gl_file
                0x000000002000bb34                gl_sector
                0x000000002000bd34                gl_volume
                0x000000002000bdb8                . = ALIGN (0x4)
                0x000000002000bdb8                _ebss = .
                0x000000002000bdb8                PROVIDE (end, _ebss)
                0x000000002000bdb8                PROVIDE (_end, _ebss)
                0x000000002000bdb8                __exidx_start = .
                0x000000002000bdb8                __exidx_end = .

/DISCARD/
 libc.a(*)
 libm.a(*)
 libgcc.a(*)

.stab
 *(.stab)

.stabstr
 *(.stabstr)

.stab.excl
 *(.stab.excl)

.stab.exclstr
 *(.stab.exclstr)

.stab.index
 *(.stab.index)

.stab.indexstr
 *(.stab.indexstr)

.comment        0x0000000000000000       0x71
 *(.comment)
 .comment       0x0000000000000000       0x33 /tmp/ccGEazHG.o
                                         0x34 (size before relaxing)
 .comment       0x0000000000000033       0x34 /tmp/ccnel98H.o
 .comment       0x0000000000000033       0x34 /tmp/cc4nIaQJ.o
 .comment       0x0000000000000033       0x34 /tmp/cchxEDcM.o
 .comment       0x0000000000000033       0x34 /tmp/cc9hPYJP.o
 .comment       0x0000000000000033       0x34 /tmp/ccfMtCFT.o
 .comment       0x0000000000000033       0x34 /tmp/ccWLO4UX.o
 .comment       0x0000000000000033       0x34 /tmp/cclJJup2.o
 .comment       0x0000000000000033       0x34 /tmp/cccA4kq6.o
 .comment       0x0000000000000033       0x34 /tmp/ccTbJj0a.o
 .comment       0x0000000000000033       0x34 /tmp/ccQd9kcg.o
 .comment       0x0000000000000033       0x34 /tmp/ccmF0ror.o
 .comment       0x0000000000000033       0x34 /tmp/ccVSOFkx.o
 .comment       0x0000000000000033       0x34 /tmp/ccln7mED.o
 .comment       0x0000000000000033       0x34 /tmp/ccTZexaY.o
 .comment       0x0000000000000033       0x34 /tmp/ccM1FLL5.o
 .comment       0x0000000000000033       0x34 /tmp/ccTi4wYd.o
 .comment       0x0000000000000033       0x34 /tmp/cc7O5vTu.o
 .comment       0x0000000000000033       0x34 /tmp/cch9CGGD.o
 .comment       0x0000000000000033       0x34 /tmp/ccMo3xdN.o
 .comment       0x0000000000000033       0x34 /tmp/ccKf4FfX.o
 .comment       0x0000000000000033       0x34 /tmp/cciQM8u7.o
 .comment       0x0000000000000033       0x34 /tmp/cc5y4B6h.o
 .comment       0x0000000000000033       0x34 /tmp/cc75u8pt.o
 .comment       0x0000000000000033       0x34 /tmp/cc2d0iEQ.o
 .comment       0x0000000000000033       0x34 /tmp/cc87zhE2.o
 .comment       0x0000000000000033       0x34 /tmp/ccJAt5Le.o
 .comment       0x0000000000000033       0x1f Libraries/STM32F4xx_StdPeriph_Driver/libstm32f4.a(misc.o)
                                         0x20 (size before relaxing)
 .comment       0x0000000000000052       0x20 Libraries/STM32F4xx_StdPeriph_Driver/libstm32f4.a(stm32f4xx_dma.o)
 .comment       0x0000000000000052       0x20 Libraries/STM32F4xx_StdPeriph_Driver/libstm32f4.a(stm32f4xx_gpio.o)
 .comment       0x0000000000000052       0x20 Libraries/STM32F4xx_StdPeriph_Driver/libstm32f4.a(stm32f4xx_pwr.o)
 .comment       0x0000000000000052       0x20 Libraries/STM32F4xx_StdPeriph_Driver/libstm32f4.a(stm32f4xx_rcc.o)
 .comment       0x0000000000000052       0x20 Libraries/STM32F4xx_StdPeriph_Driver/libstm32f4.a(stm32f4xx_rtc.o)
 .comment       0x0000000000000052       0x20 Libraries/STM32F4xx_StdPeriph_Driver/libstm32f4.a(stm32f4xx_spi.o)
 .comment       0x0000000000000052       0x20 Libraries/CMSIS/libarm_cortexM4f_math.a(arm_cmplx_mag_f32.o)
 .comment       0x0000000000000052       0x20 Libraries/CMSIS/libarm_cortexM4f_math.a(arm_max_f32.o)
 .comment       0x0000000000000052       0x20 Libraries/CMSIS/libarm_cortexM4f_math.a(arm_mean_f32.o)
 .comment       0x0000000000000052       0x20 Libraries/CMSIS/libarm_cortexM4f_math.a(arm_fill_f32.o)
 .comment       0x0000000000000052       0x20 Libraries/CMSIS/libarm_cortexM4f_math.a(arm_rfft_fast_f32.o)
 .comment       0x0000000000000052       0x20 Libraries/CMSIS/libarm_cortexM4f_math.a(arm_rfft_fast_init_f32.o)
 .comment       0x0000000000000052       0x20 Libraries/CMSIS/libarm_cortexM4f_math.a(arm_common_tables.o)
 .comment       0x0000000000000052       0x20 Libraries/CMSIS/libarm_cortexM4f_math.a(arm_cfft_f32.o)
 .comment       0x0000000000000052       0x20 Libraries/CMSIS/libarm_cortexM4f_math.a(arm_cfft_radix8_f32.o)
 .comment       0x0000000000000052       0x1f /usr/lib/gcc/arm-none-eabi/4.8/../../../arm-none-eabi/lib/armv7e-m/fpu/libg.a(lib_a-impure.o)
                                         0x20 (size before relaxing)
 .comment       0x0000000000000071       0x20 /usr/lib/gcc/arm-none-eabi/4.8/../../../arm-none-eabi/lib/armv7e-m/fpu/libg.a(lib_a-memcmp.o)
 .comment       0x0000000000000071       0x20 /usr/lib/gcc/arm-none-eabi/4.8/../../../arm-none-eabi/lib/armv7e-m/fpu/libg.a(lib_a-memset.o)
 .comment       0x0000000000000071       0x20 /usr/lib/gcc/arm-none-eabi/4.8/../../../arm-none-eabi/lib/armv7e-m/fpu/libg.a(lib_a-strcpy.o)
 .comment       0x0000000000000071       0x20 /usr/lib/gcc/arm-none-eabi/4.8/../../../arm-none-eabi/lib/armv7e-m/fpu/libg.a(lib_a-strlen.o)
 .comment       0x0000000000000071       0x20 /usr/lib/gcc/arm-none-eabi/4.8/../../../arm-none-eabi/lib/armv7e-m/fpu/libm.a(lib_a-wf_sqrt.o)
 .comment       0x0000000000000071       0x20 /usr/lib/gcc/arm-none-eabi/4.8/../../../arm-none-eabi/lib/armv7e-m/fpu/libm.a(lib_a-ef_sqrt.o)
 .comment       0x0000000000000071       0x20 /usr/lib/gcc/arm-none-eabi/4.8/../../../arm-none-eabi/lib/armv7e-m/fpu/libm.a(lib_a-s_lib_ver.o)
 .comment       0x0000000000000071       0x20 /usr/lib/gcc/arm-none-eabi/4.8/../../../arm-none-eabi/lib/armv7e-m/fpu/libm.a(lib_a-s_matherr.o)
 .comment       0x0000000000000071       0x20 /usr/lib/gcc/arm-none-eabi/4.8/../../../arm-none-eabi/lib/armv7e-m/fpu/libm.a(lib_a-sf_fpclassify.o)
 .comment       0x0000000000000071       0x20 /usr/lib/gcc/arm-none-eabi/4.8/../../../arm-none-eabi/lib/armv7e-m/fpu/libg.a(lib_a-errno.o)

.ARM.attributes
                0x0000000000000000       0x30
 .ARM.attributes
                0x0000000000000000       0x22 /usr/lib/gcc/arm-none-eabi/4.8/armv7e-m/fpu/crti.o
 .ARM.attributes
                0x0000000000000022       0x39 /tmp/ccGEazHG.o
 .ARM.attributes
                0x000000000000005b       0x39 /tmp/ccnel98H.o
 .ARM.attributes
                0x0000000000000094       0x39 /tmp/cc4nIaQJ.o
 .ARM.attributes
                0x00000000000000cd       0x39 /tmp/cchxEDcM.o
 .ARM.attributes
                0x0000000000000106       0x39 /tmp/cc9hPYJP.o
 .ARM.attributes
                0x000000000000013f       0x39 /tmp/ccfMtCFT.o
 .ARM.attributes
                0x0000000000000178       0x39 /tmp/ccWLO4UX.o
 .ARM.attributes
                0x00000000000001b1       0x39 /tmp/cclJJup2.o
 .ARM.attributes
                0x00000000000001ea       0x39 /tmp/cccA4kq6.o
 .ARM.attributes
                0x0000000000000223       0x39 /tmp/ccTbJj0a.o
 .ARM.attributes
                0x000000000000025c       0x39 /tmp/ccQd9kcg.o
 .ARM.attributes
                0x0000000000000295       0x39 /tmp/ccmF0ror.o
 .ARM.attributes
                0x00000000000002ce       0x39 /tmp/ccVSOFkx.o
 .ARM.attributes
                0x0000000000000307       0x39 /tmp/ccln7mED.o
 .ARM.attributes
                0x0000000000000340       0x21 /tmp/cc6I0lLQ.o
 .ARM.attributes
                0x0000000000000361       0x39 /tmp/ccTZexaY.o
 .ARM.attributes
                0x000000000000039a       0x39 /tmp/ccM1FLL5.o
 .ARM.attributes
                0x00000000000003d3       0x39 /tmp/ccTi4wYd.o
 .ARM.attributes
                0x000000000000040c       0x39 /tmp/cc7O5vTu.o
 .ARM.attributes
                0x0000000000000445       0x39 /tmp/cch9CGGD.o
 .ARM.attributes
                0x000000000000047e       0x39 /tmp/ccMo3xdN.o
 .ARM.attributes
                0x00000000000004b7       0x39 /tmp/ccKf4FfX.o
 .ARM.attributes
                0x00000000000004f0       0x39 /tmp/cciQM8u7.o
 .ARM.attributes
                0x0000000000000529       0x39 /tmp/cc5y4B6h.o
 .ARM.attributes
                0x0000000000000562       0x39 /tmp/cc75u8pt.o
 .ARM.attributes
                0x000000000000059b       0x39 /tmp/cc2d0iEQ.o
 .ARM.attributes
                0x00000000000005d4       0x39 /tmp/cc87zhE2.o
 .ARM.attributes
                0x000000000000060d       0x39 /tmp/ccJAt5Le.o
 .ARM.attributes
                0x0000000000000646       0x39 Libraries/STM32F4xx_StdPeriph_Driver/libstm32f4.a(misc.o)
 .ARM.attributes
                0x000000000000067f       0x39 Libraries/STM32F4xx_StdPeriph_Driver/libstm32f4.a(stm32f4xx_dma.o)
 .ARM.attributes
                0x00000000000006b8       0x39 Libraries/STM32F4xx_StdPeriph_Driver/libstm32f4.a(stm32f4xx_gpio.o)
 .ARM.attributes
                0x00000000000006f1       0x39 Libraries/STM32F4xx_StdPeriph_Driver/libstm32f4.a(stm32f4xx_pwr.o)
 .ARM.attributes
                0x000000000000072a       0x39 Libraries/STM32F4xx_StdPeriph_Driver/libstm32f4.a(stm32f4xx_rcc.o)
 .ARM.attributes
                0x0000000000000763       0x39 Libraries/STM32F4xx_StdPeriph_Driver/libstm32f4.a(stm32f4xx_rtc.o)
 .ARM.attributes
                0x000000000000079c       0x39 Libraries/STM32F4xx_StdPeriph_Driver/libstm32f4.a(stm32f4xx_spi.o)
 .ARM.attributes
                0x00000000000007d5       0x39 Libraries/CMSIS/libarm_cortexM4f_math.a(arm_cmplx_mag_f32.o)
 .ARM.attributes
                0x000000000000080e       0x39 Libraries/CMSIS/libarm_cortexM4f_math.a(arm_max_f32.o)
 .ARM.attributes
                0x0000000000000847       0x39 Libraries/CMSIS/libarm_cortexM4f_math.a(arm_mean_f32.o)
 .ARM.attributes
                0x0000000000000880       0x39 Libraries/CMSIS/libarm_cortexM4f_math.a(arm_fill_f32.o)
 .ARM.attributes
                0x00000000000008b9       0x39 Libraries/CMSIS/libarm_cortexM4f_math.a(arm_rfft_fast_f32.o)
 .ARM.attributes
                0x00000000000008f2       0x39 Libraries/CMSIS/libarm_cortexM4f_math.a(arm_rfft_fast_init_f32.o)
 .ARM.attributes
                0x000000000000092b       0x39 Libraries/CMSIS/libarm_cortexM4f_math.a(arm_common_tables.o)
 .ARM.attributes
                0x0000000000000964       0x39 Libraries/CMSIS/libarm_cortexM4f_math.a(arm_cfft_f32.o)
 .ARM.attributes
                0x000000000000099d       0x39 Libraries/CMSIS/libarm_cortexM4f_math.a(arm_cfft_radix8_f32.o)
 .ARM.attributes
                0x00000000000009d6       0x14 Libraries/CMSIS/libarm_cortexM4f_math.a(arm_bitreversal2.o)
 .ARM.attributes
                0x00000000000009ea       0x34 /usr/lib/gcc/arm-none-eabi/4.8/../../../arm-none-eabi/lib/armv7e-m/fpu/libg.a(lib_a-impure.o)
 .ARM.attributes
                0x0000000000000a1e       0x34 /usr/lib/gcc/arm-none-eabi/4.8/../../../arm-none-eabi/lib/armv7e-m/fpu/libg.a(lib_a-memcmp.o)
 .ARM.attributes
                0x0000000000000a52       0x20 /usr/lib/gcc/arm-none-eabi/4.8/../../../arm-none-eabi/lib/armv7e-m/fpu/libg.a(lib_a-memcpy.o)
 .ARM.attributes
                0x0000000000000a72       0x34 /usr/lib/gcc/arm-none-eabi/4.8/../../../arm-none-eabi/lib/armv7e-m/fpu/libg.a(lib_a-memset.o)
 .ARM.attributes
                0x0000000000000aa6       0x20 /usr/lib/gcc/arm-none-eabi/4.8/../../../arm-none-eabi/lib/armv7e-m/fpu/libg.a(lib_a-strcmp.o)
 .ARM.attributes
                0x0000000000000ac6       0x34 /usr/lib/gcc/arm-none-eabi/4.8/../../../arm-none-eabi/lib/armv7e-m/fpu/libg.a(lib_a-strcpy.o)
 .ARM.attributes
                0x0000000000000afa       0x34 /usr/lib/gcc/arm-none-eabi/4.8/../../../arm-none-eabi/lib/armv7e-m/fpu/libg.a(lib_a-strlen.o)
 .ARM.attributes
                0x0000000000000b2e       0x34 /usr/lib/gcc/arm-none-eabi/4.8/../../../arm-none-eabi/lib/armv7e-m/fpu/libm.a(lib_a-wf_sqrt.o)
 .ARM.attributes
                0x0000000000000b62       0x34 /usr/lib/gcc/arm-none-eabi/4.8/../../../arm-none-eabi/lib/armv7e-m/fpu/libm.a(lib_a-ef_sqrt.o)
 .ARM.attributes
                0x0000000000000b96       0x34 /usr/lib/gcc/arm-none-eabi/4.8/../../../arm-none-eabi/lib/armv7e-m/fpu/libm.a(lib_a-s_lib_ver.o)
 .ARM.attributes
                0x0000000000000bca       0x34 /usr/lib/gcc/arm-none-eabi/4.8/../../../arm-none-eabi/lib/armv7e-m/fpu/libm.a(lib_a-s_matherr.o)
 .ARM.attributes
                0x0000000000000bfe       0x34 /usr/lib/gcc/arm-none-eabi/4.8/../../../arm-none-eabi/lib/armv7e-m/fpu/libm.a(lib_a-sf_fpclassify.o)
 .ARM.attributes
                0x0000000000000c32       0x22 /usr/lib/gcc/arm-none-eabi/4.8/armv7e-m/fpu/libgcc.a(_arm_addsubdf3.o)
 .ARM.attributes
                0x0000000000000c54       0x22 /usr/lib/gcc/arm-none-eabi/4.8/armv7e-m/fpu/libgcc.a(_arm_muldivdf3.o)
 .ARM.attributes
                0x0000000000000c76       0x22 /usr/lib/gcc/arm-none-eabi/4.8/armv7e-m/fpu/libgcc.a(_arm_truncdfsf2.o)
 .ARM.attributes
                0x0000000000000c98       0x34 /usr/lib/gcc/arm-none-eabi/4.8/../../../arm-none-eabi/lib/armv7e-m/fpu/libg.a(lib_a-errno.o)
 .ARM.attributes
                0x0000000000000ccc       0x22 /usr/lib/gcc/arm-none-eabi/4.8/armv7e-m/fpu/crtn.o

.debug
 *(.debug)

.line
 *(.line)

.debug_srcinfo
 *(.debug_srcinfo)

.debug_sfnames
 *(.debug_sfnames)

.debug_aranges  0x0000000000000000     0x1510
 *(.debug_aranges)
 .debug_aranges
                0x0000000000000000       0x18 /tmp/ccGEazHG.o
 .debug_aranges
                0x0000000000000018       0x40 /tmp/ccnel98H.o
 .debug_aranges
                0x0000000000000058       0x18 /tmp/cc4nIaQJ.o
 .debug_aranges
                0x0000000000000070       0x98 /tmp/cchxEDcM.o
 .debug_aranges
                0x0000000000000108      0x188 /tmp/cc9hPYJP.o
 .debug_aranges
                0x0000000000000290       0x50 /tmp/ccfMtCFT.o
 .debug_aranges
                0x00000000000002e0       0x40 /tmp/ccWLO4UX.o
 .debug_aranges
                0x0000000000000320       0x38 /tmp/cclJJup2.o
 .debug_aranges
                0x0000000000000358       0x20 /tmp/cccA4kq6.o
 .debug_aranges
                0x0000000000000378       0xa0 /tmp/ccTbJj0a.o
 .debug_aranges
                0x0000000000000418       0x78 /tmp/ccQd9kcg.o
 .debug_aranges
                0x0000000000000490       0x48 /tmp/ccmF0ror.o
 .debug_aranges
                0x00000000000004d8       0x28 /tmp/ccVSOFkx.o
 .debug_aranges
                0x0000000000000500       0x88 /tmp/ccln7mED.o
 .debug_aranges
                0x0000000000000588       0x28 /tmp/cc6I0lLQ.o
 .debug_aranges
                0x00000000000005b0      0x110 /tmp/ccTZexaY.o
 .debug_aranges
                0x00000000000006c0       0x40 /tmp/ccM1FLL5.o
 .debug_aranges
                0x0000000000000700       0xd0 /tmp/ccTi4wYd.o
 .debug_aranges
                0x00000000000007d0       0x38 /tmp/cc7O5vTu.o
 .debug_aranges
                0x0000000000000808       0x80 /tmp/cch9CGGD.o
 .debug_aranges
                0x0000000000000888       0x80 /tmp/ccMo3xdN.o
 .debug_aranges
                0x0000000000000908       0x58 /tmp/ccKf4FfX.o
 .debug_aranges
                0x0000000000000960       0x30 /tmp/cciQM8u7.o
 .debug_aranges
                0x0000000000000990       0x48 /tmp/cc5y4B6h.o
 .debug_aranges
                0x00000000000009d8       0xb8 /tmp/cc75u8pt.o
 .debug_aranges
                0x0000000000000a90       0x58 /tmp/cc2d0iEQ.o
 .debug_aranges
                0x0000000000000ae8       0x68 /tmp/cc87zhE2.o
 .debug_aranges
                0x0000000000000b50       0x20 /tmp/ccJAt5Le.o
 .debug_aranges
                0x0000000000000b70       0x40 Libraries/STM32F4xx_StdPeriph_Driver/libstm32f4.a(misc.o)
 .debug_aranges
                0x0000000000000bb0       0xb0 Libraries/STM32F4xx_StdPeriph_Driver/libstm32f4.a(stm32f4xx_dma.o)
 .debug_aranges
                0x0000000000000c60       0x88 Libraries/STM32F4xx_StdPeriph_Driver/libstm32f4.a(stm32f4xx_gpio.o)
 .debug_aranges
                0x0000000000000ce8       0xa8 Libraries/STM32F4xx_StdPeriph_Driver/libstm32f4.a(stm32f4xx_pwr.o)
 .debug_aranges
                0x0000000000000d90      0x1a8 Libraries/STM32F4xx_StdPeriph_Driver/libstm32f4.a(stm32f4xx_rcc.o)
 .debug_aranges
                0x0000000000000f38      0x1d0 Libraries/STM32F4xx_StdPeriph_Driver/libstm32f4.a(stm32f4xx_rtc.o)
 .debug_aranges
                0x0000000000001108       0xe0 Libraries/STM32F4xx_StdPeriph_Driver/libstm32f4.a(stm32f4xx_spi.o)
 .debug_aranges
                0x00000000000011e8       0x20 Libraries/CMSIS/libarm_cortexM4f_math.a(arm_cmplx_mag_f32.o)
 .debug_aranges
                0x0000000000001208       0x20 Libraries/CMSIS/libarm_cortexM4f_math.a(arm_max_f32.o)
 .debug_aranges
                0x0000000000001228       0x20 Libraries/CMSIS/libarm_cortexM4f_math.a(arm_mean_f32.o)
 .debug_aranges
                0x0000000000001248       0x20 Libraries/CMSIS/libarm_cortexM4f_math.a(arm_fill_f32.o)
 .debug_aranges
                0x0000000000001268       0x30 Libraries/CMSIS/libarm_cortexM4f_math.a(arm_rfft_fast_f32.o)
 .debug_aranges
                0x0000000000001298       0x20 Libraries/CMSIS/libarm_cortexM4f_math.a(arm_rfft_fast_init_f32.o)
 .debug_aranges
                0x00000000000012b8       0x18 Libraries/CMSIS/libarm_cortexM4f_math.a(arm_common_tables.o)
 .debug_aranges
                0x00000000000012d0       0x30 Libraries/CMSIS/libarm_cortexM4f_math.a(arm_cfft_f32.o)
 .debug_aranges
                0x0000000000001300       0x20 Libraries/CMSIS/libarm_cortexM4f_math.a(arm_cfft_radix8_f32.o)
 .debug_aranges
                0x0000000000001320       0x18 /usr/lib/gcc/arm-none-eabi/4.8/../../../arm-none-eabi/lib/armv7e-m/fpu/libg.a(lib_a-impure.o)
 .debug_aranges
                0x0000000000001338       0x20 /usr/lib/gcc/arm-none-eabi/4.8/../../../arm-none-eabi/lib/armv7e-m/fpu/libg.a(lib_a-memcmp.o)
 .debug_aranges
                0x0000000000001358       0x20 /usr/lib/gcc/arm-none-eabi/4.8/../../../arm-none-eabi/lib/armv7e-m/fpu/libg.a(lib_a-memcpy.o)
 .debug_aranges
                0x0000000000001378       0x20 /usr/lib/gcc/arm-none-eabi/4.8/../../../arm-none-eabi/lib/armv7e-m/fpu/libg.a(lib_a-memset.o)
 .debug_aranges
                0x0000000000001398       0x20 /usr/lib/gcc/arm-none-eabi/4.8/../../../arm-none-eabi/lib/armv7e-m/fpu/libg.a(lib_a-strcmp.o)
 .debug_aranges
                0x00000000000013b8       0x20 /usr/lib/gcc/arm-none-eabi/4.8/../../../arm-none-eabi/lib/armv7e-m/fpu/libg.a(lib_a-strcpy.o)
 .debug_aranges
                0x00000000000013d8       0x20 /usr/lib/gcc/arm-none-eabi/4.8/../../../arm-none-eabi/lib/armv7e-m/fpu/libg.a(lib_a-strlen.o)
 .debug_aranges
                0x00000000000013f8       0x20 /usr/lib/gcc/arm-none-eabi/4.8/../../../arm-none-eabi/lib/armv7e-m/fpu/libm.a(lib_a-wf_sqrt.o)
 .debug_aranges
                0x0000000000001418       0x20 /usr/lib/gcc/arm-none-eabi/4.8/../../../arm-none-eabi/lib/armv7e-m/fpu/libm.a(lib_a-ef_sqrt.o)
 .debug_aranges
                0x0000000000001438       0x18 /usr/lib/gcc/arm-none-eabi/4.8/../../../arm-none-eabi/lib/armv7e-m/fpu/libm.a(lib_a-s_lib_ver.o)
 .debug_aranges
                0x0000000000001450       0x20 /usr/lib/gcc/arm-none-eabi/4.8/../../../arm-none-eabi/lib/armv7e-m/fpu/libm.a(lib_a-s_matherr.o)
 .debug_aranges
                0x0000000000001470       0x20 /usr/lib/gcc/arm-none-eabi/4.8/../../../arm-none-eabi/lib/armv7e-m/fpu/libm.a(lib_a-sf_fpclassify.o)
 .debug_aranges
                0x0000000000001490       0x20 /usr/lib/gcc/arm-none-eabi/4.8/armv7e-m/fpu/libgcc.a(_arm_addsubdf3.o)
 .debug_aranges
                0x00000000000014b0       0x20 /usr/lib/gcc/arm-none-eabi/4.8/armv7e-m/fpu/libgcc.a(_arm_muldivdf3.o)
 .debug_aranges
                0x00000000000014d0       0x20 /usr/lib/gcc/arm-none-eabi/4.8/armv7e-m/fpu/libgcc.a(_arm_truncdfsf2.o)
 .debug_aranges
                0x00000000000014f0       0x20 /usr/lib/gcc/arm-none-eabi/4.8/../../../arm-none-eabi/lib/armv7e-m/fpu/libg.a(lib_a-errno.o)

.debug_pubnames
 *(.debug_pubnames)

.debug_info     0x0000000000000000    0x1d9cd
 *(.debug_info .gnu.linkonce.wi.*)
 .debug_info    0x0000000000000000       0xce /tmp/ccGEazHG.o
 .debug_info    0x00000000000000ce     0x1844 /tmp/ccnel98H.o
 .debug_info    0x0000000000001912       0xcf /tmp/cc4nIaQJ.o
 .debug_info    0x00000000000019e1     0x1a2b /tmp/cchxEDcM.o
 .debug_info    0x000000000000340c     0x2b88 /tmp/cc9hPYJP.o
 .debug_info    0x0000000000005f94      0x94d /tmp/ccfMtCFT.o
 .debug_info    0x00000000000068e1      0xab7 /tmp/ccWLO4UX.o
 .debug_info    0x0000000000007398       0xde /tmp/cclJJup2.o
 .debug_info    0x0000000000007476      0x156 /tmp/cccA4kq6.o
 .debug_info    0x00000000000075cc      0xe84 /tmp/ccTbJj0a.o
 .debug_info    0x0000000000008450     0x181a /tmp/ccQd9kcg.o
 .debug_info    0x0000000000009c6a      0x9da /tmp/ccmF0ror.o
 .debug_info    0x000000000000a644      0x592 /tmp/ccVSOFkx.o
 .debug_info    0x000000000000abd6      0xa2d /tmp/ccln7mED.o
 .debug_info    0x000000000000b603       0x64 /tmp/cc6I0lLQ.o
 .debug_info    0x000000000000b667     0x1b11 /tmp/ccTZexaY.o
 .debug_info    0x000000000000d178      0x2c3 /tmp/ccM1FLL5.o
 .debug_info    0x000000000000d43b     0x188c /tmp/ccTi4wYd.o
 .debug_info    0x000000000000ecc7      0x215 /tmp/cc7O5vTu.o
 .debug_info    0x000000000000eedc      0x52a /tmp/cch9CGGD.o
 .debug_info    0x000000000000f406     0x1448 /tmp/ccMo3xdN.o
 .debug_info    0x000000000001084e     0x1315 /tmp/ccKf4FfX.o
 .debug_info    0x0000000000011b63      0x649 /tmp/cciQM8u7.o
 .debug_info    0x00000000000121ac      0x517 /tmp/cc5y4B6h.o
 .debug_info    0x00000000000126c3     0x16e8 /tmp/cc75u8pt.o
 .debug_info    0x0000000000013dab      0xa37 /tmp/cc2d0iEQ.o
 .debug_info    0x00000000000147e2      0x49a /tmp/cc87zhE2.o
 .debug_info    0x0000000000014c7c      0x14b /tmp/ccJAt5Le.o
 .debug_info    0x0000000000014dc7      0x526 Libraries/STM32F4xx_StdPeriph_Driver/libstm32f4.a(misc.o)
 .debug_info    0x00000000000152ed      0x71e Libraries/STM32F4xx_StdPeriph_Driver/libstm32f4.a(stm32f4xx_dma.o)
 .debug_info    0x0000000000015a0b      0x819 Libraries/STM32F4xx_StdPeriph_Driver/libstm32f4.a(stm32f4xx_gpio.o)
 .debug_info    0x0000000000016224      0x643 Libraries/STM32F4xx_StdPeriph_Driver/libstm32f4.a(stm32f4xx_pwr.o)
 .debug_info    0x0000000000016867      0xe3a Libraries/STM32F4xx_StdPeriph_Driver/libstm32f4.a(stm32f4xx_rcc.o)
 .debug_info    0x00000000000176a1     0x162f Libraries/STM32F4xx_StdPeriph_Driver/libstm32f4.a(stm32f4xx_rtc.o)
 .debug_info    0x0000000000018cd0      0xc6e Libraries/STM32F4xx_StdPeriph_Driver/libstm32f4.a(stm32f4xx_spi.o)
 .debug_info    0x000000000001993e      0x289 Libraries/CMSIS/libarm_cortexM4f_math.a(arm_cmplx_mag_f32.o)
 .debug_info    0x0000000000019bc7      0x165 Libraries/CMSIS/libarm_cortexM4f_math.a(arm_max_f32.o)
 .debug_info    0x0000000000019d2c      0x14c Libraries/CMSIS/libarm_cortexM4f_math.a(arm_mean_f32.o)
 .debug_info    0x0000000000019e78      0x13c Libraries/CMSIS/libarm_cortexM4f_math.a(arm_fill_f32.o)
 .debug_info    0x0000000000019fb4      0x4e2 Libraries/CMSIS/libarm_cortexM4f_math.a(arm_rfft_fast_f32.o)
 .debug_info    0x000000000001a496      0x246 Libraries/CMSIS/libarm_cortexM4f_math.a(arm_rfft_fast_init_f32.o)
 .debug_info    0x000000000001a6dc      0x962 Libraries/CMSIS/libarm_cortexM4f_math.a(arm_common_tables.o)
 .debug_info    0x000000000001b03e      0x69f Libraries/CMSIS/libarm_cortexM4f_math.a(arm_cfft_f32.o)
 .debug_info    0x000000000001b6dd      0x40c Libraries/CMSIS/libarm_cortexM4f_math.a(arm_cfft_radix8_f32.o)
 .debug_info    0x000000000001bae9      0x894 /usr/lib/gcc/arm-none-eabi/4.8/../../../arm-none-eabi/lib/armv7e-m/fpu/libg.a(lib_a-impure.o)
 .debug_info    0x000000000001c37d      0x113 /usr/lib/gcc/arm-none-eabi/4.8/../../../arm-none-eabi/lib/armv7e-m/fpu/libg.a(lib_a-memcmp.o)